Archive member included to satisfy reference by file (symbol)

C:/devkitPro/libctru/lib\libctru.a(console.o)
                              main.o (consoleInit)
C:/devkitPro/libctru/lib\libctru.a(gfx.o)
                              C:/devkitPro/libctru/lib\libctru.a(console.o) (gfxIsWide)
C:/devkitPro/libctru/lib\libctru.a(apt.o)
                              main.o (aptMainLoop)
C:/devkitPro/libctru/lib\libctru.a(gspgpu.o)
                              C:/devkitPro/libctru/lib\libctru.a(gfx.o) (gspInit)
C:/devkitPro/libctru/lib\libctru.a(hid.o)
                              main.o (hidScanInput)
C:/devkitPro/libctru/lib\libctru.a(irrst.o)
                              C:/devkitPro/libctru/lib\libctru.a(hid.o) (irrstInit)
C:/devkitPro/libctru/lib\libctru.a(ctru_init.o)
                              C:/devkitPro/libctru/lib\libctru.a(apt.o) (__system_retAddr)
C:/devkitPro/libctru/lib\libctru.a(initArgv.o)
                              C:/devkitPro/libctru/lib\libctru.a(ctru_init.o) (__system_initArgv)
C:/devkitPro/libctru/lib\libctru.a(syscalls.o)
                              C:/devkitPro/libctru/lib\libctru.a(ctru_init.o) (__system_initSyscalls)
C:/devkitPro/libctru/lib\libctru.a(svc.o)
                              C:/devkitPro/libctru/lib\libctru.a(apt.o) (svcSleepThread)
C:/devkitPro/libctru/lib\libctru.a(stack_adjust.o)
                              C:/devkitPro/devkitARM/bin/../lib/gcc/arm-none-eabi/15.1.0/../../../../arm-none-eabi/lib/armv6k/fpu/3dsx_crt0.o (initSystem)
C:/devkitPro/libctru/lib\libctru.a(default_font.bin.o)
                              C:/devkitPro/libctru/lib\libctru.a(console.o) (default_font_bin)
C:/devkitPro/libctru/lib\libctru.a(linear.o)
                              C:/devkitPro/libctru/lib\libctru.a(gfx.o) (linearAlloc)
C:/devkitPro/libctru/lib\libctru.a(mem_pool.o)
                              C:/devkitPro/libctru/lib\libctru.a(linear.o) (MemPool::Allocate(MemChunk&, unsigned long, int))
C:/devkitPro/libctru/lib\libctru.a(vram.o)
                              C:/devkitPro/libctru/lib\libctru.a(gfx.o) (vramAlloc)
C:/devkitPro/libctru/lib\libctru.a(3dslink.o)
                              C:/devkitPro/libctru/lib\libctru.a(initArgv.o) (__3dslink_host)
C:/devkitPro/libctru/lib\libctru.a(env.o)
                              C:/devkitPro/libctru/lib\libctru.a(irrst.o) (envGetHandle)
C:/devkitPro/libctru/lib\libctru.a(os.o)
                              C:/devkitPro/libctru/lib\libctru.a(syscalls.o) (osGetTime)
C:/devkitPro/libctru/lib\libctru.a(srv.o)
                              C:/devkitPro/libctru/lib\libctru.a(apt.o) (srvInit)
C:/devkitPro/libctru/lib\libctru.a(synchronization.o)
                              C:/devkitPro/libctru/lib\libctru.a(ctru_init.o) (__sync_init)
C:/devkitPro/libctru/lib\libctru.a(thread.o)
                              C:/devkitPro/libctru/lib\libctru.a(apt.o) (threadCreate)
C:/devkitPro/libctru/lib\libctru.a(mappable.o)
                              C:/devkitPro/libctru/lib\libctru.a(apt.o) (mappableAlloc)
C:/devkitPro/libctru/lib\libctru.a(ptmsysm.o)
                              C:/devkitPro/libctru/lib\libctru.a(os.o) (ptmSysmInit)
C:/devkitPro/libctru/lib\libctru.a(srvpm.o)
                              C:/devkitPro/libctru/lib\libctru.a(srv.o) (srvPmGetSessionHandle)
C:/devkitPro/libctru/lib\libctru.a(soc_connect.o)
                              C:/devkitPro/libctru/lib\libctru.a(3dslink.o) (connect)
C:/devkitPro/libctru/lib\libctru.a(soc_socket.o)
                              C:/devkitPro/libctru/lib\libctru.a(3dslink.o) (socket)
C:/devkitPro/libctru/lib\libctru.a(rbtree_find.o)
                              C:/devkitPro/libctru/lib\libctru.a(linear.o) (rbtree_find)
C:/devkitPro/libctru/lib\libctru.a(rbtree_init.o)
                              C:/devkitPro/libctru/lib\libctru.a(linear.o) (rbtree_init)
C:/devkitPro/libctru/lib\libctru.a(rbtree_insert.o)
                              C:/devkitPro/libctru/lib\libctru.a(linear.o) (rbtree_insert)
C:/devkitPro/libctru/lib\libctru.a(rbtree_remove.o)
                              C:/devkitPro/libctru/lib\libctru.a(linear.o) (rbtree_remove)
C:/devkitPro/libctru/lib\libctru.a(rbtree_rotate.o)
                              C:/devkitPro/libctru/lib\libctru.a(rbtree_insert.o) (rbtree_rotate)
C:/devkitPro/libctru/lib\libctru.a(allocateHeaps.o)
                              C:/devkitPro/libctru/lib\libctru.a(ctru_init.o) (__system_allocateHeaps)
C:/devkitPro/libctru/lib\libctru.a(appExit.o)
                              C:/devkitPro/libctru/lib\libctru.a(stack_adjust.o) (__appExit)
C:/devkitPro/libctru/lib\libctru.a(appInit.o)
                              C:/devkitPro/libctru/lib\libctru.a(stack_adjust.o) (__appInit)
C:/devkitPro/libctru/lib\libctru.a(ctru_exit.o)
                              C:/devkitPro/libctru/lib\libctru.a(stack_adjust.o) (__libctru_exit)
C:/devkitPro/libctru/lib\libctru.a(archive_dev.o)
                              C:/devkitPro/libctru/lib\libctru.a(appInit.o) (archiveMountSdmc)
[...]
Memory Configuration

Name             Origin             Length             Attributes
*default*        0x00000000         0xffffffff

Linker script and memory map

                0x00000000                        __sync_synchronize = __sync_synchronize_dmb
                0x00100000                        PROVIDE (__start__ = 0x100000)
                0x00100000                        . = __start__

.text           0x00100000    0x17680
 *(.crt0)
 .crt0          0x00100000       0x94 C:/devkitPro/devkitARM/bin/../lib/gcc/arm-none-eabi/15.1.0/../../../../arm-none-eabi/lib/armv6k/fpu/3dsx_crt0.o
                0x00100000                _start
                0x00100008                __service_ptr
                0x0010000c                __apt_appid
                0x00100010                __heap_size
                0x00100014                __linear_heap_size
                0x00100018                __system_arglist
                0x0010001c                __system_runflags
 *(.init)
 .init          0x00100094        0xc C:/devkitPro/devkitARM/bin/../lib/gcc/arm-none-eabi/15.1.0/armv6k/fpu/crti.o
                0x00100094                _init
 .init          0x001000a0        0xc C:/devkitPro/devkitARM/bin/../lib/gcc/arm-none-eabi/15.1.0/armv6k/fpu/crtn.o
                0x001000ac                        . = ALIGN (0x4)
 *(.text)
 .text          0x001000ac      0x240 C:/devkitPro/devkitARM/bin/../lib/gcc/arm-none-eabi/15.1.0/armv6k/fpu\libgcc.a(_divsi3.o)
                0x001000ac                __divsi3
                0x001000ac                __aeabi_idiv
                0x001002cc                __aeabi_idivmod
 .text          0x001002ec        0x4 C:/devkitPro/devkitARM/bin/../lib/gcc/arm-none-eabi/15.1.0/armv6k/fpu\libgcc.a(_dvmd_tls.o)
                0x001002ec                __aeabi_idiv0
                0x001002ec                __aeabi_ldiv0
 .text          0x001002f0       0x3c C:/devkitPro/devkitARM/bin/../lib/gcc/arm-none-eabi/15.1.0/armv6k/fpu\libgcc.a(_aeabi_uldivmod.o)
                0x001002f0                __aeabi_uldivmod
 *fill*         0x0010032c       0x14 
 .text          0x00100340      0x390 C:/devkitPro/devkitARM/bin/../lib/gcc/arm-none-eabi/15.1.0/../../../../arm-none-eabi/lib/armv6k/fpu\libg.a(libc_a-strcmp.o)
                0x00100348                strcmp
 .text          0x001006d0      0x20c C:/devkitPro/devkitARM/bin/../lib/gcc/arm-none-eabi/15.1.0/armv6k/fpu\libgcc.a(_udivsi3.o)
                0x001006d0                __aeabi_uidiv
                0x001006d0                __udivsi3
                0x001008bc                __aeabi_uidivmod
 *(.text.*)
 .text.__do_global_dtors_aux
                0x001008dc       0x50 C:/devkitPro/devkitARM/bin/../lib/gcc/arm-none-eabi/15.1.0/armv6k/fpu/crtbegin.o
 .text.frame_dummy
                0x0010092c       0x2c C:/devkitPro/devkitARM/bin/../lib/gcc/arm-none-eabi/15.1.0/armv6k/fpu/crtbegin.o
 .text.startup.main
                0x00100958       0x6c main.o
                0x00100958                main
 .text.consoleDrawChar
                0x001009c4      0x1c8 C:/devkitPro/libctru/lib\libctru.a(console.o)
                0x001009c4                consoleDrawChar
 .text.consolePrintChar
                0x00100b8c      0x170 C:/devkitPro/libctru/lib\libctru.a(console.o)
                0x00100b8c                consolePrintChar
 .text.con_write
                0x00100cfc      0xc40 C:/devkitPro/libctru/lib\libctru.a(console.o)
                0x00100cfc                con_write
 .text.newRow   0x0010193c      0x110 C:/devkitPro/libctru/lib\libctru.a(console.o)
 .text.consoleInit
                0x00101a4c      0x180 C:/devkitPro/libctru/lib\libctru.a(console.o)
                0x00101a4c                consoleInit
 .text.gfxPresentFramebuffer
                0x00101bcc       0xcc C:/devkitPro/libctru/lib\libctru.a(gfx.o)
 .text.gfxIsWide
                0x00101c98       0x1c C:/devkitPro/libctru/lib\libctru.a(gfx.o)
                0x00101c98                gfxIsWide
 .text.gfxSetScreenFormat
                0x00101cb4       0xf8 C:/devkitPro/libctru/lib\libctru.a(gfx.o)
                0x00101cb4                gfxSetScreenFormat
 .text.gfxSetDoubleBuffering
                0x00101dac       0x10 C:/devkitPro/libctru/lib\libctru.a(gfx.o)
                0x00101dac                gfxSetDoubleBuffering
 .text.gfxInit  0x00101dbc       0xd8 C:/devkitPro/libctru/lib\libctru.a(gfx.o)
                0x00101dbc                gfxInit
 .text.gfxInitDefault
                0x00101e94       0x10 C:/devkitPro/libctru/lib\libctru.a(gfx.o)
                0x00101e94                gfxInitDefault
 .text.gfxExit  0x00101ea4       0xb8 C:/devkitPro/libctru/lib\libctru.a(gfx.o)
                0x00101ea4                gfxExit
 .text.gfxGetFramebuffer
                0x00101f5c       0xa0 C:/devkitPro/libctru/lib\libctru.a(gfx.o)
                0x00101f5c                gfxGetFramebuffer
 .text.gfxFlushBuffers
                0x00101ffc      0x100 C:/devkitPro/libctru/lib\libctru.a(gfx.o)
                0x00101ffc                gfxFlushBuffers
 .text.gfxSwapBuffers
                0x001020fc       0x50 C:/devkitPro/libctru/lib\libctru.a(gfx.o)
                0x001020fc                gfxSwapBuffers
 .text.gfxSwapBuffersGpu
                0x0010214c       0x50 C:/devkitPro/libctru/lib\libctru.a(gfx.o)
                0x0010214c                gfxSwapBuffersGpu
 .text.aptConvertScreenForCapture
                0x0010219c      0x180 C:/devkitPro/libctru/lib\libctru.a(apt.o)
 .text.aptDspSleep
                0x0010231c        0x8 C:/devkitPro/libctru/lib\libctru.a(apt.o)
                0x0010231c                aptDspSleep
 .text.aptDspWakeup
                0x00102324        0x4 C:/devkitPro/libctru/lib\libctru.a(apt.o)
                0x00102324                aptDspWakeup
 .text.aptDspCancel
                0x00102328        0x4 C:/devkitPro/libctru/lib\libctru.a(apt.o)
                0x00102328                aptDspCancel
 .text.aptSendCommand
                0x0010232c      0x138 C:/devkitPro/libctru/lib\libctru.a(apt.o)
                0x0010232c                aptSendCommand
 *fill*         0x00102464        0x4 
 .text.aptExitProcess
                0x00102468       0x44 C:/devkitPro/libctru/lib\libctru.a(apt.o)
 .text.aptExit  0x001024ac      0x394 C:/devkitPro/libctru/lib\libctru.a(apt.o)
                0x001024ac                aptExit
 .text.aptHandleSleep
                0x00102840       0xd8 C:/devkitPro/libctru/lib\libctru.a(apt.o)
                0x00102840                aptHandleSleep
 .text.APT_SleepIfShellClosed
                0x00102918       0x84 C:/devkitPro/libctru/lib\libctru.a(apt.o)
                0x00102918                APT_SleepIfShellClosed
 .text.aptSetSleepAllowed
                0x0010299c       0x78 C:/devkitPro/libctru/lib\libctru.a(apt.o)
                0x0010299c                aptSetSleepAllowed
 .text.APT_UnlockTransition
                0x00102a14       0x84 C:/devkitPro/libctru/lib\libctru.a(apt.o)
                0x00102a14                APT_UnlockTransition
 .text.aptEventHandler
                0x00102a98      0x470 C:/devkitPro/libctru/lib\libctru.a(apt.o)
 .text.APT_ReceiveParameter
                0x00102f08       0xbc C:/devkitPro/libctru/lib\libctru.a(apt.o)
                0x00102f08                APT_ReceiveParameter
 .text.aptReceiveParameter.constprop.0
                0x00102fc4       0xb0 C:/devkitPro/libctru/lib\libctru.a(apt.o)
 *fill*         0x00103074        0x4 
 .text.aptScreenTransfer
                0x00103078      0x294 C:/devkitPro/libctru/lib\libctru.a(apt.o)
 .text.aptWaitForWakeUp.isra.0
                0x0010330c      0x2d0 C:/devkitPro/libctru/lib\libctru.a(apt.o)
 .text.aptJumpToHomeMenu
                0x001035dc       0xf4 C:/devkitPro/libctru/lib\libctru.a(apt.o)
                0x001035dc                aptJumpToHomeMenu
 .text.aptMainLoop
                0x001036d0       0x58 C:/devkitPro/libctru/lib\libctru.a(apt.o)
                0x001036d0                aptMainLoop
 .text.aptInit  0x00103728      0x240 C:/devkitPro/libctru/lib\libctru.a(apt.o)
                0x00103728                aptInit
 .text.APT_CheckNew3DS
                0x00103968       0x90 C:/devkitPro/libctru/lib\libctru.a(apt.o)
                0x00103968                APT_CheckNew3DS
 .text.gspHardwareInit
                0x001039f8      0xc70 C:/devkitPro/libctru/lib\libctru.a(gspgpu.o)
 .text.gspInit  0x00104668      0x280 C:/devkitPro/libctru/lib\libctru.a(gspgpu.o)
                0x00104668                gspInit
 .text.gspExit  0x001048e8      0x110 C:/devkitPro/libctru/lib\libctru.a(gspgpu.o)
                0x001048e8                gspExit
 .text.gspHasGpuRight
                0x001049f8       0x10 C:/devkitPro/libctru/lib\libctru.a(gspgpu.o)
                0x001049f8                gspHasGpuRight
 .text.gspPresentBuffer
                0x00104a08       0xa4 C:/devkitPro/libctru/lib\libctru.a(gspgpu.o)
                0x00104a08                gspPresentBuffer
 .text.gspWaitForEvent
                0x00104aac       0x50 C:/devkitPro/libctru/lib\libctru.a(gspgpu.o)
                0x00104aac                gspWaitForEvent
 .text.gxCmdQueueInterrupt
                0x00104afc        0x4 C:/devkitPro/libctru/lib\libctru.a(gspgpu.o)
                0x00104afc                gxCmdQueueInterrupt
 .text.gspEventThreadMain
                0x00104b00      0x154 C:/devkitPro/libctru/lib\libctru.a(gspgpu.o)
 .text.GSPGPU_FlushDataCache
                0x00104c54       0x50 C:/devkitPro/libctru/lib\libctru.a(gspgpu.o)
                0x00104c54                GSPGPU_FlushDataCache
 .text.GSPGPU_SetLcdForceBlack
                0x00104ca4       0x34 C:/devkitPro/libctru/lib\libctru.a(gspgpu.o)
                0x00104ca4                GSPGPU_SetLcdForceBlack
 .text.GSPGPU_AcquireRight
                0x00104cd8       0x80 C:/devkitPro/libctru/lib\libctru.a(gspgpu.o)
                0x00104cd8                GSPGPU_AcquireRight
 .text.GSPGPU_ReleaseRight
                0x00104d58       0x5c C:/devkitPro/libctru/lib\libctru.a(gspgpu.o)
                0x00104d58                GSPGPU_ReleaseRight
 .text.GSPGPU_ImportDisplayCaptureInfo
                0x00104db4       0x7c C:/devkitPro/libctru/lib\libctru.a(gspgpu.o)
                0x00104db4                GSPGPU_ImportDisplayCaptureInfo
 .text.GSPGPU_SaveVramSysArea
                0x00104e30       0x2c C:/devkitPro/libctru/lib\libctru.a(gspgpu.o)
                0x00104e30                GSPGPU_SaveVramSysArea
 .text.GSPGPU_RestoreVramSysArea
                0x00104e5c       0x2c C:/devkitPro/libctru/lib\libctru.a(gspgpu.o)
                0x00104e5c                GSPGPU_RestoreVramSysArea
 .text.hidShouldUseIrrst
                0x00104e88       0x24 C:/devkitPro/libctru/lib\libctru.a(hid.o)
                0x00104e88                hidShouldUseIrrst
 .text.hidInit  0x00104eac      0x1cc C:/devkitPro/libctru/lib\libctru.a(hid.o)
                0x00104eac                hidInit
 .text.hidExit  0x00105078       0xe8 C:/devkitPro/libctru/lib\libctru.a(hid.o)
                0x00105078                hidExit
 .text.hidScanInput
                0x00105160      0x2a0 C:/devkitPro/libctru/lib\libctru.a(hid.o)
                0x00105160                hidScanInput
 .text.hidKeysDown
                0x00105400       0x10 C:/devkitPro/libctru/lib\libctru.a(hid.o)
                0x00105400                hidKeysDown
 .text.irrstInit
                0x00105410      0x1a4 C:/devkitPro/libctru/lib\libctru.a(irrst.o)
                0x00105410                irrstInit
 .text.irrstExit
                0x001055b4       0xdc C:/devkitPro/libctru/lib\libctru.a(irrst.o)
                0x001055b4                irrstExit
 .text.irrstScanInput
                0x00105690       0xb4 C:/devkitPro/libctru/lib\libctru.a(irrst.o)
                0x00105690                irrstScanInput
 .text.irrstKeysHeld
                0x00105744       0x24 C:/devkitPro/libctru/lib\libctru.a(irrst.o)
                0x00105744                irrstKeysHeld
 .text.__libctru_init
                0x00105768       0x38 C:/devkitPro/libctru/lib\libctru.a(ctru_init.o)
                0x00105768                __libctru_init
 .text.__system_initArgv
                0x001057a0      0x16c C:/devkitPro/libctru/lib\libctru.a(initArgv.o)
                0x001057a0                __system_initArgv
 .text.__syscall_getreent
                0x0010590c       0x30 C:/devkitPro/libctru/lib\libctru.a(syscalls.o)
                0x0010590c                __syscall_getreent
 .text.__syscall_lock_acquire
                0x0010593c        0x4 C:/devkitPro/libctru/lib\libctru.a(syscalls.o)
                0x0010593c                __syscall_lock_acquire
 .text.__syscall_lock_release
                0x00105940        0x4 C:/devkitPro/libctru/lib\libctru.a(syscalls.o)
                0x00105940                __syscall_lock_release
 .text.__syscall_lock_acquire_recursive
                0x00105944        0x4 C:/devkitPro/libctru/lib\libctru.a(syscalls.o)
                0x00105944                __syscall_lock_acquire_recursive
 .text.__syscall_lock_release_recursive
                0x00105948        0x4 C:/devkitPro/libctru/lib\libctru.a(syscalls.o)
                0x00105948                __syscall_lock_release_recursive
 .text.__syscall_exit
                0x0010594c        0x4 C:/devkitPro/libctru/lib\libctru.a(syscalls.o)
                0x0010594c                __syscall_exit
 .text.initThreadVars
                0x00105950       0x54 C:/devkitPro/libctru/lib\libctru.a(syscalls.o)
                0x00105950                initThreadVars
 .text.__system_initSyscalls
                0x001059a4       0x80 C:/devkitPro/libctru/lib\libctru.a(syscalls.o)
                0x001059a4                __system_initSyscalls
 .text.svcControlMemory
                0x00105a24       0x20 C:/devkitPro/libctru/lib\libctru.a(svc.o)
                0x00105a24                svcControlMemory
 .text.svcQueryMemory
                0x00105a44       0x30 C:/devkitPro/libctru/lib\libctru.a(svc.o)
                0x00105a44                svcQueryMemory
 .text.svcExitProcess
                0x00105a74        0x8 C:/devkitPro/libctru/lib\libctru.a(svc.o)
                0x00105a74                svcExitProcess
 .text.svcCreateThread
                0x00105a7c       0x20 C:/devkitPro/libctru/lib\libctru.a(svc.o)
                0x00105a7c                svcCreateThread
 .text.svcExitThread
                0x00105a9c        0x8 C:/devkitPro/libctru/lib\libctru.a(svc.o)
                0x00105a9c                svcExitThread
 .text.svcSleepThread
                0x00105aa4        0x8 C:/devkitPro/libctru/lib\libctru.a(svc.o)
                0x00105aa4                svcSleepThread
 .text.svcReleaseMutex
                0x00105aac        0x8 C:/devkitPro/libctru/lib\libctru.a(svc.o)
                0x00105aac                svcReleaseMutex
 .text.svcCreateEvent
                0x00105ab4       0x14 C:/devkitPro/libctru/lib\libctru.a(svc.o)
                0x00105ab4                svcCreateEvent
 .text.svcSignalEvent
                0x00105ac8        0x8 C:/devkitPro/libctru/lib\libctru.a(svc.o)
                0x00105ac8                svcSignalEvent
 .text.svcClearEvent
                0x00105ad0        0x8 C:/devkitPro/libctru/lib\libctru.a(svc.o)
                0x00105ad0                svcClearEvent
 .text.svcMapMemoryBlock
                0x00105ad8        0x8 C:/devkitPro/libctru/lib\libctru.a(svc.o)
                0x00105ad8                svcMapMemoryBlock
 .text.svcUnmapMemoryBlock
                0x00105ae0        0x8 C:/devkitPro/libctru/lib\libctru.a(svc.o)
                0x00105ae0                svcUnmapMemoryBlock
 .text.svcCreateAddressArbiter
                0x00105ae8       0x14 C:/devkitPro/libctru/lib\libctru.a(svc.o)
                0x00105ae8                svcCreateAddressArbiter
 .text.svcArbitrateAddressNoTimeout
                0x00105afc        0x8 C:/devkitPro/libctru/lib\libctru.a(svc.o)
                0x00105afc                svcArbitrateAddressNoTimeout
 .text.svcCloseHandle
                0x00105b04        0x8 C:/devkitPro/libctru/lib\libctru.a(svc.o)
                0x00105b04                svcCloseHandle
 .text.svcWaitSynchronization
                0x00105b0c        0x8 C:/devkitPro/libctru/lib\libctru.a(svc.o)
                0x00105b0c                svcWaitSynchronization
 .text.svcWaitSynchronizationN
                0x00105b14       0x28 C:/devkitPro/libctru/lib\libctru.a(svc.o)
                0x00105b14                svcWaitSynchronizationN
 .text.svcDuplicateHandle
                0x00105b3c       0x14 C:/devkitPro/libctru/lib\libctru.a(svc.o)
                0x00105b3c                svcDuplicateHandle
 .text.svcConnectToPort
                0x00105b50       0x14 C:/devkitPro/libctru/lib\libctru.a(svc.o)
                0x00105b50                svcConnectToPort
 .text.svcSendSyncRequest
                0x00105b64        0x8 C:/devkitPro/libctru/lib\libctru.a(svc.o)
                0x00105b64                svcSendSyncRequest
 .text.svcGetResourceLimit
                0x00105b6c       0x14 C:/devkitPro/libctru/lib\libctru.a(svc.o)
                0x00105b6c                svcGetResourceLimit
 .text.svcGetResourceLimitLimitValues
                0x00105b80        0x8 C:/devkitPro/libctru/lib\libctru.a(svc.o)
                0x00105b80                svcGetResourceLimitLimitValues
 .text.svcGetResourceLimitCurrentValues
                0x00105b88        0x8 C:/devkitPro/libctru/lib\libctru.a(svc.o)
                0x00105b88                svcGetResourceLimitCurrentValues
 .text.svcBreak
                0x00105b90        0x8 C:/devkitPro/libctru/lib\libctru.a(svc.o)
                0x00105b90                svcBreak
 .text.initSystem
                0x00105b98       0x50 C:/devkitPro/libctru/lib\libctru.a(stack_adjust.o)
                0x00105b98                initSystem
 .text.__ctru_exit
                0x00105be8       0x14 C:/devkitPro/libctru/lib\libctru.a(stack_adjust.o)
                0x00105be8                __ctru_exit
 .text._ZL21addrMapNodeComparatorPK11rbtree_nodeS1_
                0x00105bfc       0x24 C:/devkitPro/libctru/lib\libctru.a(linear.o)
 .text._ZL21addrMapNodeDestructorP11rbtree_node
                0x00105c20        0x4 C:/devkitPro/libctru/lib\libctru.a(linear.o)
 .text.linearMemAlign
                0x00105c24      0x12c C:/devkitPro/libctru/lib\libctru.a(linear.o)
                0x00105c24                linearMemAlign
 .text.linearAlloc
                0x00105d50        0x8 C:/devkitPro/libctru/lib\libctru.a(linear.o)
                0x00105d50                linearAlloc
 .text.linearFree
                0x00105d58       0x5c C:/devkitPro/libctru/lib\libctru.a(linear.o)
                0x00105d58                linearFree
 .text._ZN7MemPool13CoalesceRightEP8MemBlock
                0x00105db4       0x88 C:/devkitPro/libctru/lib\libctru.a(mem_pool.o)
                0x00105db4                MemPool::CoalesceRight(MemBlock*)
 .text._ZN7MemPool8AllocateER8MemChunkmi
                0x00105e3c      0x178 C:/devkitPro/libctru/lib\libctru.a(mem_pool.o)
                0x00105e3c                MemPool::Allocate(MemChunk&, unsigned long, int)
 .text._ZN7MemPool10DeallocateERK8MemChunk
                0x00105fb4      0x118 C:/devkitPro/libctru/lib\libctru.a(mem_pool.o)
                0x00105fb4                MemPool::Deallocate(MemChunk const&)
 .text._ZN7MemPool12GetFreeSpaceEv
                0x001060cc       0x30 C:/devkitPro/libctru/lib\libctru.a(mem_pool.o)
                0x001060cc                MemPool::GetFreeSpace()
 .text._ZL21addrMapNodeComparatorPK11rbtree_nodeS1_
                0x001060fc       0x24 C:/devkitPro/libctru/lib\libctru.a(vram.o)
 .text._ZL21addrMapNodeDestructorP11rbtree_node
                0x00106120        0x4 C:/devkitPro/libctru/lib\libctru.a(vram.o)
 .text.vramMemAlignAt
                0x00106124      0x248 C:/devkitPro/libctru/lib\libctru.a(vram.o)
                0x00106124                vramMemAlignAt
 .text.vramAlloc
                0x0010636c        0xc C:/devkitPro/libctru/lib\libctru.a(vram.o)
                0x0010636c                vramAlloc
 .text.vramFree
                0x00106378       0x94 C:/devkitPro/libctru/lib\libctru.a(vram.o)
                0x00106378                vramFree
 .text.envGetHandle
                0x0010640c       0x8c C:/devkitPro/libctru/lib\libctru.a(env.o)
                0x0010640c                envGetHandle
 .text.envDestroyHandles
                0x00106498       0x50 C:/devkitPro/libctru/lib\libctru.a(env.o)
                0x00106498                envDestroyHandles
 .text.__ctru_speedup_config
                0x001064e8       0x34 C:/devkitPro/libctru/lib\libctru.a(os.o)
                0x001064e8                __ctru_speedup_config
 .text.srvInit  0x0010651c      0x164 C:/devkitPro/libctru/lib\libctru.a(srv.o)
                0x0010651c                srvInit
 .text.srvExit  0x00106680       0x64 C:/devkitPro/libctru/lib\libctru.a(srv.o)
                0x00106680                srvExit
 .text.srvEnableNotification
                0x001066e4       0x60 C:/devkitPro/libctru/lib\libctru.a(srv.o)
                0x001066e4                srvEnableNotification
 .text.srvGetServiceHandleDirect
                0x00106744       0xa0 C:/devkitPro/libctru/lib\libctru.a(srv.o)
                0x00106744                srvGetServiceHandleDirect
 .text.srvGetServiceHandle
                0x001067e4       0x48 C:/devkitPro/libctru/lib\libctru.a(srv.o)
                0x001067e4                srvGetServiceHandle
 .text.srvSubscribe
                0x0010682c       0x34 C:/devkitPro/libctru/lib\libctru.a(srv.o)
                0x0010682c                srvSubscribe
 .text.srvReceiveNotification
                0x00106860       0x60 C:/devkitPro/libctru/lib\libctru.a(srv.o)
                0x00106860                srvReceiveNotification
 .text.srvPublishToSubscriber
                0x001068c0       0x38 C:/devkitPro/libctru/lib\libctru.a(srv.o)
                0x001068c0                srvPublishToSubscriber
 .text.__sync_init
                0x001068f8        0xc C:/devkitPro/libctru/lib\libctru.a(synchronization.o)
                0x001068f8                __sync_init
 .text.__sync_fini
                0x00106904       0x18 C:/devkitPro/libctru/lib\libctru.a(synchronization.o)
                0x00106904                __sync_fini
 .text.syncArbitrateAddress
                0x0010691c       0x28 C:/devkitPro/libctru/lib\libctru.a(synchronization.o)
                0x0010691c                syncArbitrateAddress
 .text.LightLock_Lock
                0x00106944       0xac C:/devkitPro/libctru/lib\libctru.a(synchronization.o)
                0x00106944                LightLock_Lock
 .text.LightLock_Unlock
                0x001069f0       0x40 C:/devkitPro/libctru/lib\libctru.a(synchronization.o)
                0x001069f0                LightLock_Unlock
 .text.RecursiveLock_Lock
                0x00106a30       0x54 C:/devkitPro/libctru/lib\libctru.a(synchronization.o)
                0x00106a30                RecursiveLock_Lock
 .text.RecursiveLock_Unlock
                0x00106a84       0x54 C:/devkitPro/libctru/lib\libctru.a(synchronization.o)
                0x00106a84                RecursiveLock_Unlock
 .text.LightEvent_Init
                0x00106ad8       0x44 C:/devkitPro/libctru/lib\libctru.a(synchronization.o)
                0x00106ad8                LightEvent_Init
 .text.LightEvent_Clear
                0x00106b1c       0xb8 C:/devkitPro/libctru/lib\libctru.a(synchronization.o)
                0x00106b1c                LightEvent_Clear
 .text.LightEvent_Signal
                0x00106bd4       0xdc C:/devkitPro/libctru/lib\libctru.a(synchronization.o)
                0x00106bd4                LightEvent_Signal
 .text.LightEvent_TryWait
                0x00106cb0       0x50 C:/devkitPro/libctru/lib\libctru.a(synchronization.o)
                0x00106cb0                LightEvent_TryWait
 .text.LightEvent_Wait
                0x00106d00       0xac C:/devkitPro/libctru/lib\libctru.a(synchronization.o)
                0x00106d00                LightEvent_Wait
 .text.threadCreate
                0x00106dac      0x1fc C:/devkitPro/libctru/lib\libctru.a(thread.o)
                0x00106dac                threadCreate
 .text.threadFree
                0x00106fa8       0x38 C:/devkitPro/libctru/lib\libctru.a(thread.o)
                0x00106fa8                threadFree
 .text.threadJoin
                0x00106fe0       0x24 C:/devkitPro/libctru/lib\libctru.a(thread.o)
                0x00106fe0                threadJoin
 .text.threadGetCurrent
                0x00107004       0x30 C:/devkitPro/libctru/lib\libctru.a(thread.o)
                0x00107004                threadGetCurrent
 .text.threadExit
                0x00107034       0x40 C:/devkitPro/libctru/lib\libctru.a(thread.o)
                0x00107034                threadExit
 .text._thread_begin
                0x00107074       0x20 C:/devkitPro/libctru/lib\libctru.a(thread.o)
 .text.mappableFindAddressWithin
                0x00107094       0x90 C:/devkitPro/libctru/lib\libctru.a(mappable.o)
 .text.mappableInit
                0x00107124       0x28 C:/devkitPro/libctru/lib\libctru.a(mappable.o)
                0x00107124                mappableInit
 .text.mappableAlloc
                0x0010714c       0x7c C:/devkitPro/libctru/lib\libctru.a(mappable.o)
                0x0010714c                mappableAlloc
 .text.mappableFree
                0x001071c8        0x4 C:/devkitPro/libctru/lib\libctru.a(mappable.o)
                0x001071c8                mappableFree
 .text.ptmSysmInit
                0x001071cc       0x78 C:/devkitPro/libctru/lib\libctru.a(ptmsysm.o)
                0x001071cc                ptmSysmInit
 .text.ptmSysmExit
                0x00107244       0x3c C:/devkitPro/libctru/lib\libctru.a(ptmsysm.o)
                0x00107244                ptmSysmExit
 .text.PTMSYSM_ConfigureNew3DSCPU
                0x00107280       0x34 C:/devkitPro/libctru/lib\libctru.a(ptmsysm.o)
                0x00107280                PTMSYSM_ConfigureNew3DSCPU
 .text.srvPmGetSessionHandle
                0x001072b4        0xc C:/devkitPro/libctru/lib\libctru.a(srvpm.o)
                0x001072b4                srvPmGetSessionHandle
 .text.rbtree_find
                0x001072c0       0x74 C:/devkitPro/libctru/lib\libctru.a(rbtree_find.o)
                0x001072c0                rbtree_find
 .text.rbtree_init
                0x00107334       0x10 C:/devkitPro/libctru/lib\libctru.a(rbtree_init.o)
                0x00107334                rbtree_init
 .text.do_insert
                0x00107344      0x198 C:/devkitPro/libctru/lib\libctru.a(rbtree_insert.o)
 .text.rbtree_insert
                0x001074dc        0x8 C:/devkitPro/libctru/lib\libctru.a(rbtree_insert.o)
                0x001074dc                rbtree_insert
 .text.rbtree_remove
                0x001074e4      0x310 C:/devkitPro/libctru/lib\libctru.a(rbtree_remove.o)
                0x001074e4                rbtree_remove
 .text.rbtree_rotate
                0x001077f4       0x90 C:/devkitPro/libctru/lib\libctru.a(rbtree_rotate.o)
                0x001077f4                rbtree_rotate
 *fill*         0x00107884        0x4 
 .text.__system_allocateHeaps
                0x00107888      0x1e8 C:/devkitPro/libctru/lib\libctru.a(allocateHeaps.o)
                0x00107888                __system_allocateHeaps
 .text.__appExit
                0x00107a70       0x30 C:/devkitPro/libctru/lib\libctru.a(appExit.o)
                0x00107a70                __appExit
 .text.__appInit
                0x00107aa0       0x30 C:/devkitPro/libctru/lib\libctru.a(appInit.o)
                0x00107aa0                __appInit
 .text.__libctru_exit
                0x00107ad0       0x90 C:/devkitPro/libctru/lib\libctru.a(ctru_exit.o)
                0x00107ad0                __libctru_exit
 .text.archive_link
                0x00107b60       0x14 C:/devkitPro/libctru/lib\libctru.a(archive_dev.o)
 .text.archive_dirreset
                0x00107b74       0x14 C:/devkitPro/libctru/lib\libctru.a(archive_dev.o)
 .text.archive_chmod
                0x00107b88       0x14 C:/devkitPro/libctru/lib\libctru.a(archive_dev.o)
 .text.error_cmp
                0x00107b9c       0x24 C:/devkitPro/libctru/lib\libctru.a(archive_dev.o)
 .text.archive_translate_error
                0x00107bc0       0x50 C:/devkitPro/libctru/lib\libctru.a(archive_dev.o)
 .text.archive_seek
                0x00107c10       0xc0 C:/devkitPro/libctru/lib\libctru.a(archive_dev.o)
 .text._archiveInit.part.0
                0x00107cd0       0x78 C:/devkitPro/libctru/lib\libctru.a(archive_dev.o)
 .text.archiveFindDevice.part.0
                0x00107d48       0xd4 C:/devkitPro/libctru/lib\libctru.a(archive_dev.o)
 .text.archive_utf16path
                0x00107e1c      0x298 C:/devkitPro/libctru/lib\libctru.a(archive_dev.o)
 .text._archiveUnmountDeviceStruct.part.0
                0x001080b4       0x98 C:/devkitPro/libctru/lib\libctru.a(archive_dev.o)
 .text.archive_statvfs
                0x0010814c       0x14 C:/devkitPro/libctru/lib\libctru.a(archive_dev.o)
 .text.archive_fchmod
                0x00108160       0x14 C:/devkitPro/libctru/lib\libctru.a(archive_dev.o)
 .text._archiveMountDevice
                0x00108174      0x178 C:/devkitPro/libctru/lib\libctru.a(archive_dev.o)
 .text.archive_diropen
                0x001082ec       0xf8 C:/devkitPro/libctru/lib\libctru.a(archive_dev.o)
 .text.archive_fstat
                0x001083e4       0xac C:/devkitPro/libctru/lib\libctru.a(archive_dev.o)
 .text.archive_fsync
                0x00108490       0x74 C:/devkitPro/libctru/lib\libctru.a(archive_dev.o)
 .text.archive_close
                0x00108504       0x74 C:/devkitPro/libctru/lib\libctru.a(archive_dev.o)
 .text.archive_dirclose
                0x00108578       0x78 C:/devkitPro/libctru/lib\libctru.a(archive_dev.o)
 .text.sdmc_statvfs
                0x001085f0       0xec C:/devkitPro/libctru/lib\libctru.a(archive_dev.o)
 .text.archive_chdir
                0x001086dc       0xf8 C:/devkitPro/libctru/lib\libctru.a(archive_dev.o)
 .text.archive_ftruncate
                0x001087d4       0x8c C:/devkitPro/libctru/lib\libctru.a(archive_dev.o)
 .text.archive_read
                0x00108860       0xbc C:/devkitPro/libctru/lib\libctru.a(archive_dev.o)
 .text.archive_unlink
                0x0010891c       0xa8 C:/devkitPro/libctru/lib\libctru.a(archive_dev.o)
 .text.archive_rmdir
                0x001089c4       0xc0 C:/devkitPro/libctru/lib\libctru.a(archive_dev.o)
 .text.archive_mkdir
                0x00108a84       0xd8 C:/devkitPro/libctru/lib\libctru.a(archive_dev.o)
 .text.archive_stat
                0x00108b5c      0x1a0 C:/devkitPro/libctru/lib\libctru.a(archive_dev.o)
 .text.archive_dirnext
                0x00108cfc      0x164 C:/devkitPro/libctru/lib\libctru.a(archive_dev.o)
 .text.archive_write
                0x00108e60      0x13c C:/devkitPro/libctru/lib\libctru.a(archive_dev.o)
 *fill*         0x00108f9c        0x4 
 .text.archive_open
                0x00108fa0      0x254 C:/devkitPro/libctru/lib\libctru.a(archive_dev.o)
 .text.archive_rename
                0x001091f4      0x270 C:/devkitPro/libctru/lib\libctru.a(archive_dev.o)
 .text.archiveMountSdmc
                0x00109464      0x1c8 C:/devkitPro/libctru/lib\libctru.a(archive_dev.o)
                0x00109464                archiveMountSdmc
 .text.archiveUnmountAll
                0x0010962c       0x54 C:/devkitPro/libctru/lib\libctru.a(archive_dev.o)
                0x0010962c                archiveUnmountAll
 .text.fsInit   0x00109680      0x104 C:/devkitPro/libctru/lib\libctru.a(fs.o)
                0x00109680                fsInit
 .text.fsExit   0x00109784       0x3c C:/devkitPro/libctru/lib\libctru.a(fs.o)
                0x00109784                fsExit
 .text.fsExemptFromSession
                0x001097c0       0x68 C:/devkitPro/libctru/lib\libctru.a(fs.o)
                0x001097c0                fsExemptFromSession
 .text.fsUnexemptFromSession
                0x00109828       0x50 C:/devkitPro/libctru/lib\libctru.a(fs.o)
                0x00109828                fsUnexemptFromSession
 .text.FSUSER_OpenFile
                0x00109878       0xcc C:/devkitPro/libctru/lib\libctru.a(fs.o)
                0x00109878                FSUSER_OpenFile
 .text.FSUSER_DeleteFile
                0x00109944       0xb8 C:/devkitPro/libctru/lib\libctru.a(fs.o)
                0x00109944                FSUSER_DeleteFile
 .text.FSUSER_RenameFile
                0x001099fc       0xf4 C:/devkitPro/libctru/lib\libctru.a(fs.o)
                0x001099fc                FSUSER_RenameFile
 .text.FSUSER_DeleteDirectory
                0x00109af0       0xb8 C:/devkitPro/libctru/lib\libctru.a(fs.o)
                0x00109af0                FSUSER_DeleteDirectory
 .text.FSUSER_CreateFile
                0x00109ba8       0xd0 C:/devkitPro/libctru/lib\libctru.a(fs.o)
                0x00109ba8                FSUSER_CreateFile
 .text.FSUSER_CreateDirectory
                0x00109c78       0xc0 C:/devkitPro/libctru/lib\libctru.a(fs.o)
                0x00109c78                FSUSER_CreateDirectory
 .text.FSUSER_RenameDirectory
                0x00109d38       0xf4 C:/devkitPro/libctru/lib\libctru.a(fs.o)
                0x00109d38                FSUSER_RenameDirectory
 .text.FSUSER_OpenDirectory
                0x00109e2c       0xb4 C:/devkitPro/libctru/lib\libctru.a(fs.o)
                0x00109e2c                FSUSER_OpenDirectory
 .text.FSUSER_OpenArchive
                0x00109ee0       0x90 C:/devkitPro/libctru/lib\libctru.a(fs.o)
                0x00109ee0                FSUSER_OpenArchive
 .text.FSUSER_CloseArchive
                0x00109f70       0x8c C:/devkitPro/libctru/lib\libctru.a(fs.o)
                0x00109f70                FSUSER_CloseArchive
 .text.FSUSER_GetSdmcArchiveResource
                0x00109ffc       0x74 C:/devkitPro/libctru/lib\libctru.a(fs.o)
                0x00109ffc                FSUSER_GetSdmcArchiveResource
 .text.FSUSER_IsSdmcWritable
                0x0010a070       0x64 C:/devkitPro/libctru/lib\libctru.a(fs.o)
                0x0010a070                FSUSER_IsSdmcWritable
 .text.FSFILE_Read
                0x0010a0d4       0x64 C:/devkitPro/libctru/lib\libctru.a(fs.o)
                0x0010a0d4                FSFILE_Read
 .text.FSFILE_Write
                0x0010a138       0x6c C:/devkitPro/libctru/lib\libctru.a(fs.o)
                0x0010a138                FSFILE_Write
 .text.FSFILE_GetSize
                0x0010a1a4       0x44 C:/devkitPro/libctru/lib\libctru.a(fs.o)
                0x0010a1a4                FSFILE_GetSize
 .text.FSFILE_SetSize
                0x0010a1e8       0x28 C:/devkitPro/libctru/lib\libctru.a(fs.o)
                0x0010a1e8                FSFILE_SetSize
 .text.FSFILE_Close
                0x0010a210       0x3c C:/devkitPro/libctru/lib\libctru.a(fs.o)
                0x0010a210                FSFILE_Close
 .text.FSFILE_Flush
                0x0010a24c       0x24 C:/devkitPro/libctru/lib\libctru.a(fs.o)
                0x0010a24c                FSFILE_Flush
 .text.FSDIR_Read
                0x0010a270       0x60 C:/devkitPro/libctru/lib\libctru.a(fs.o)
                0x0010a270                FSDIR_Read
 .text.FSDIR_Close
                0x0010a2d0       0x3c C:/devkitPro/libctru/lib\libctru.a(fs.o)
                0x0010a2d0                FSDIR_Close
 .text.rbtree_node_next
                0x0010a30c       0x60 C:/devkitPro/libctru/lib\libctru.a(rbtree_iterator.o)
                0x0010a30c                rbtree_node_next
 .text.decode_utf8
                0x0010a36c      0x140 C:/devkitPro/libctru/lib\libctru.a(decode_utf8.o)
                0x0010a36c                decode_utf8
 .text.utf16_to_utf8
                0x0010a4ac       0xe8 C:/devkitPro/libctru/lib\libctru.a(utf16_to_utf8.o)
                0x0010a4ac                utf16_to_utf8
 .text.utf8_to_utf16
                0x0010a594       0xc0 C:/devkitPro/libctru/lib\libctru.a(utf8_to_utf16.o)
                0x0010a594                utf8_to_utf16
 .text.__aeabi_read_tp
                0x0010a654        0xc C:/devkitPro/libctru/lib\libctru.a(readtp.o)
                0x0010a654                __aeabi_read_tp
 .text.decode_utf16
                0x0010a660       0x54 C:/devkitPro/libctru/lib\libctru.a(decode_utf16.o)
                0x0010a660                decode_utf16
 .text.encode_utf16
                0x0010a6b4       0x54 C:/devkitPro/libctru/lib\libctru.a(encode_utf16.o)
                0x0010a6b4                encode_utf16
 .text.encode_utf8
                0x0010a708       0xe0 C:/devkitPro/libctru/lib\libctru.a(encode_utf8.o)
                0x0010a708                encode_utf8
 .text.__udivmoddi4
                0x0010a7e8      0x130 C:/devkitPro/devkitARM/bin/../lib/gcc/arm-none-eabi/15.1.0/armv6k/fpu\libgcc.a(_udivmoddi4.o)
                0x0010a7e8                __udivmoddi4
 .text.strncmp  0x0010a918       0xd8 C:/devkitPro/devkitARM/bin/../lib/gcc/arm-none-eabi/15.1.0/../../../../arm-none-eabi/lib/armv6k/fpu\libg.a(libc_a-strncmp.o)
                0x0010a918                strncmp
 .text.strlen   0x0010a9f0       0x8c C:/devkitPro/devkitARM/bin/../lib/gcc/arm-none-eabi/15.1.0/../../../../arm-none-eabi/lib/armv6k/fpu\libg.a(libc_a-strlen.o)
                0x0010a9f0                strlen
 .text.stdio_exit_handler
                0x0010aa7c       0x1c C:/devkitPro/devkitARM/bin/../lib/gcc/arm-none-eabi/15.1.0/../../../../arm-none-eabi/lib/armv6k/fpu\libg.a(libc_a-findfp.o)
 .text.cleanup_stdio
                0x0010aa98       0x5c C:/devkitPro/devkitARM/bin/../lib/gcc/arm-none-eabi/15.1.0/../../../../arm-none-eabi/lib/armv6k/fpu\libg.a(libc_a-findfp.o)
 .text.global_stdio_init.part.0
                0x0010aaf4      0x154 C:/devkitPro/devkitARM/bin/../lib/gcc/arm-none-eabi/15.1.0/../../../../arm-none-eabi/lib/armv6k/fpu\libg.a(libc_a-findfp.o)
 .text.__sinit  0x0010ac48       0x5c C:/devkitPro/devkitARM/bin/../lib/gcc/arm-none-eabi/15.1.0/../../../../arm-none-eabi/lib/armv6k/fpu\libg.a(libc_a-findfp.o)
                0x0010ac48                __sinit
 .text.__sfp_lock_acquire
                0x0010aca4        0xc C:/devkitPro/devkitARM/bin/../lib/gcc/arm-none-eabi/15.1.0/../../../../arm-none-eabi/lib/armv6k/fpu\libg.a(libc_a-findfp.o)
                0x0010aca4                __sfp_lock_acquire
 .text.__sfp_lock_release
                0x0010acb0        0xc C:/devkitPro/devkitARM/bin/../lib/gcc/arm-none-eabi/15.1.0/../../../../arm-none-eabi/lib/armv6k/fpu\libg.a(libc_a-findfp.o)
                0x0010acb0                __sfp_lock_release
 .text._strtoul_l.isra.0
                0x0010acbc      0x1ec C:/devkitPro/devkitARM/bin/../lib/gcc/arm-none-eabi/15.1.0/../../../../arm-none-eabi/lib/armv6k/fpu\libg.a(libc_a-strtoul.o)
 .text.strtoul  0x0010aea8       0x3c C:/devkitPro/devkitARM/bin/../lib/gcc/arm-none-eabi/15.1.0/../../../../arm-none-eabi/lib/armv6k/fpu\libg.a(libc_a-strtoul.o)
                0x0010aea8                strtoul
 .text.__libc_init_array
                0x0010aee4       0x84 C:/devkitPro/devkitARM/bin/../lib/gcc/arm-none-eabi/15.1.0/../../../../arm-none-eabi/lib/armv6k/fpu\libg.a(libc_a-init.o)
                0x0010aee4                __libc_init_array
 .text.strncat  0x0010af68       0x9c C:/devkitPro/devkitARM/bin/../lib/gcc/arm-none-eabi/15.1.0/../../../../arm-none-eabi/lib/armv6k/fpu\libg.a(libc_a-strncat.o)
                0x0010af68                strncat
 .text._fwalk_sglue
                0x0010b004       0x70 C:/devkitPro/devkitARM/bin/../lib/gcc/arm-none-eabi/15.1.0/../../../../arm-none-eabi/lib/armv6k/fpu\libg.a(libc_a-fwalk.o)
                0x0010b004                _fwalk_sglue
 .text.bsearch  0x0010b074       0x78 C:/devkitPro/devkitARM/bin/../lib/gcc/arm-none-eabi/15.1.0/../../../../arm-none-eabi/lib/armv6k/fpu\libg.a(libc_a-bsearch.o)
                0x0010b074                bsearch
 .text.__errno  0x0010b0ec        0xc C:/devkitPro/devkitARM/bin/../lib/gcc/arm-none-eabi/15.1.0/../../../../arm-none-eabi/lib/armv6k/fpu\libg.a(libc_a-errno.o)
                0x0010b0ec                __errno
 .text.memalign
                0x0010b0f8       0x28 C:/devkitPro/devkitARM/bin/../lib/gcc/arm-none-eabi/15.1.0/../../../../arm-none-eabi/lib/armv6k/fpu\libg.a(libc_a-malign.o)
                0x0010b0f8                memalign
 .text._malloc_r
                0x0010b120      0x82c C:/devkitPro/devkitARM/bin/../lib/gcc/arm-none-eabi/15.1.0/../../../../arm-none-eabi/lib/armv6k/fpu\libg.a(libc_a-mallocr.o)
                0x0010b120                _malloc_r
 .text._malloc_trim_r
                0x0010b94c      0x114 C:/devkitPro/devkitARM/bin/../lib/gcc/arm-none-eabi/15.1.0/../../../../arm-none-eabi/lib/armv6k/fpu\libg.a(libc_a-freer.o)
                0x0010b94c                _malloc_trim_r
 .text._free_r  0x0010ba60      0x314 C:/devkitPro/devkitARM/bin/../lib/gcc/arm-none-eabi/15.1.0/../../../../arm-none-eabi/lib/armv6k/fpu\libg.a(libc_a-freer.o)
                0x0010ba60                _free_r
 .text.printf   0x0010bd74       0x34 C:/devkitPro/devkitARM/bin/../lib/gcc/arm-none-eabi/15.1.0/../../../../arm-none-eabi/lib/armv6k/fpu\libg.a(libc_a-printf.o)
                0x0010bd74                printf
 .text.strnlen  0x0010bda8       0x3c C:/devkitPro/devkitARM/bin/../lib/gcc/arm-none-eabi/15.1.0/../../../../arm-none-eabi/lib/armv6k/fpu\libg.a(libc_a-strnlen.o)
                0x0010bda8                strnlen
 .text.malloc   0x0010bde4       0x40 C:/devkitPro/devkitARM/bin/../lib/gcc/arm-none-eabi/15.1.0/../../../../arm-none-eabi/lib/armv6k/fpu\libg.a(libc_a-malloc.o)
                0x0010bde4                malloc
 .text.free     0x0010be24       0x20 C:/devkitPro/devkitARM/bin/../lib/gcc/arm-none-eabi/15.1.0/../../../../arm-none-eabi/lib/armv6k/fpu\libg.a(libc_a-malloc.o)
                0x0010be24                free
 .text.__sflush_r
                0x0010be44      0x22c C:/devkitPro/devkitARM/bin/../lib/gcc/arm-none-eabi/15.1.0/../../../../arm-none-eabi/lib/armv6k/fpu\libg.a(libc_a-fflush.o)
                0x0010be44                __sflush_r
 .text._fflush_r
                0x0010c070       0xc4 C:/devkitPro/devkitARM/bin/../lib/gcc/arm-none-eabi/15.1.0/../../../../arm-none-eabi/lib/armv6k/fpu\libg.a(libc_a-fflush.o)
                0x0010c070                _fflush_r
 .text.memset   0x0010c134       0xe4 C:/devkitPro/devkitARM/bin/../lib/gcc/arm-none-eabi/15.1.0/../../../../arm-none-eabi/lib/armv6k/fpu\libg.a(libc_a-memset.o)
                0x0010c134                memset
 .text.__malloc_lock
                0x0010c218        0xc C:/devkitPro/devkitARM/bin/../lib/gcc/arm-none-eabi/15.1.0/../../../../arm-none-eabi/lib/armv6k/fpu\libg.a(libc_a-mlock.o)
                0x0010c218                __malloc_lock
 .text.__malloc_unlock
                0x0010c224        0xc C:/devkitPro/devkitARM/bin/../lib/gcc/arm-none-eabi/15.1.0/../../../../arm-none-eabi/lib/armv6k/fpu\libg.a(libc_a-mlock.o)
                0x0010c224                __malloc_unlock
 .text.__call_exitprocs
                0x0010c230        0x4 C:/devkitPro/devkitARM/bin/../lib/gcc/arm-none-eabi/15.1.0/../../../../arm-none-eabi/lib/armv6k/fpu\libg.a(libc_a-exit.o)
                0x0010c230                __call_exitprocs
 .text.exit     0x0010c234       0x30 C:/devkitPro/devkitARM/bin/../lib/gcc/arm-none-eabi/15.1.0/../../../../arm-none-eabi/lib/armv6k/fpu\libg.a(libc_a-exit.o)
                0x0010c234                exit
 .text.setvbuf  0x0010c264      0x294 C:/devkitPro/devkitARM/bin/../lib/gcc/arm-none-eabi/15.1.0/../../../../arm-none-eabi/lib/armv6k/fpu\libg.a(libc_a-setvbuf.o)
                0x0010c264                setvbuf
 .text.strncpy  0x0010c4f8       0xd4 C:/devkitPro/devkitARM/bin/../lib/gcc/arm-none-eabi/15.1.0/../../../../arm-none-eabi/lib/armv6k/fpu\libg.a(libc_a-strncpy.o)
                0x0010c4f8                strncpy
 .text.memcpy   0x0010c5cc      0x12c C:/devkitPro/devkitARM/bin/../lib/gcc/arm-none-eabi/15.1.0/../../../../arm-none-eabi/lib/armv6k/fpu\libg.a(libc_a-memcpy-stub.o)
                0x0010c5cc                memcpy
 .text.__sread  0x0010c6f8       0x44 C:/devkitPro/devkitARM/bin/../lib/gcc/arm-none-eabi/15.1.0/../../../../arm-none-eabi/lib/armv6k/fpu\libg.a(libc_a-stdio.o)
                0x0010c6f8                __sread
 .text.__swrite
                0x0010c73c       0x68 C:/devkitPro/devkitARM/bin/../lib/gcc/arm-none-eabi/15.1.0/../../../../arm-none-eabi/lib/armv6k/fpu\libg.a(libc_a-stdio.o)
                0x0010c73c                __swrite
 .text.__sseek  0x0010c7a4       0x40 C:/devkitPro/devkitARM/bin/../lib/gcc/arm-none-eabi/15.1.0/../../../../arm-none-eabi/lib/armv6k/fpu\libg.a(libc_a-stdio.o)
                0x0010c7a4                __sseek
 .text.__sclose
                0x0010c7e4        0x8 C:/devkitPro/devkitARM/bin/../lib/gcc/arm-none-eabi/15.1.0/../../../../arm-none-eabi/lib/armv6k/fpu\libg.a(libc_a-stdio.o)
                0x0010c7e4                __sclose
 .text._fclose_r
                0x0010c7ec      0x144 C:/devkitPro/devkitARM/bin/../lib/gcc/arm-none-eabi/15.1.0/../../../../arm-none-eabi/lib/armv6k/fpu\libg.a(libc_a-fclose.o)
                0x0010c7ec                _fclose_r
 .text._memalign_r
                0x0010c930      0x16c C:/devkitPro/devkitARM/bin/../lib/gcc/arm-none-eabi/15.1.0/../../../../arm-none-eabi/lib/armv6k/fpu\libg.a(libc_a-malignr.o)
                0x0010c930                _memalign_r
 .text.get_arg  0x0010ca9c      0x5e0 C:/devkitPro/devkitARM/bin/../lib/gcc/arm-none-eabi/15.1.0/../../../../arm-none-eabi/lib/armv6k/fpu\libg.a(libc_a-vfprintf.o)
 *fill*         0x0010d07c        0x4 
 .text._vfprintf_r
                0x0010d080     0x3554 C:/devkitPro/devkitARM/bin/../lib/gcc/arm-none-eabi/15.1.0/../../../../arm-none-eabi/lib/armv6k/fpu\libg.a(libc_a-vfprintf.o)
                0x0010d080                _vfprintf_r
 .text.__sbprintf
                0x001105d4       0xb4 C:/devkitPro/devkitARM/bin/../lib/gcc/arm-none-eabi/15.1.0/../../../../arm-none-eabi/lib/armv6k/fpu\libg.a(libc_a-vfprintf.o)
 .text.memchr   0x00110688       0xe8 C:/devkitPro/devkitARM/bin/../lib/gcc/arm-none-eabi/15.1.0/../../../../arm-none-eabi/lib/armv6k/fpu\libg.a(libc_a-memchr-stub.o)
                0x00110688                memchr
 .text.quorem   0x00110770      0x1c0 C:/devkitPro/devkitARM/bin/../lib/gcc/arm-none-eabi/15.1.0/../../../../arm-none-eabi/lib/armv6k/fpu\libg.a(libc_a-dtoa.o)
 .text._dtoa_r  0x00110930     0x13f0 C:/devkitPro/devkitARM/bin/../lib/gcc/arm-none-eabi/15.1.0/../../../../arm-none-eabi/lib/armv6k/fpu\libg.a(libc_a-dtoa.o)
                0x00110930                _dtoa_r
 .text._wcrtomb_r
                0x00111d20       0xa0 C:/devkitPro/devkitARM/bin/../lib/gcc/arm-none-eabi/15.1.0/../../../../arm-none-eabi/lib/armv6k/fpu\libg.a(libc_a-wcrtomb.o)
                0x00111d20                _wcrtomb_r
 .text.__libc_fini_array
                0x00111dc0       0x3c C:/devkitPro/devkitARM/bin/../lib/gcc/arm-none-eabi/15.1.0/../../../../arm-none-eabi/lib/armv6k/fpu\libg.a(libc_a-fini.o)
                0x00111dc0                __libc_fini_array
 .text.__smakebuf_r
                0x00111dfc      0x164 C:/devkitPro/devkitARM/bin/../lib/gcc/arm-none-eabi/15.1.0/../../../../arm-none-eabi/lib/armv6k/fpu\libg.a(libc_a-makebuf.o)
                0x00111dfc                __smakebuf_r
 .text.__swhatbuf_r
                0x00111f60       0x90 C:/devkitPro/devkitARM/bin/../lib/gcc/arm-none-eabi/15.1.0/../../../../arm-none-eabi/lib/armv6k/fpu\libg.a(libc_a-makebuf.o)
                0x00111f60                __swhatbuf_r
 .text._wcsrtombs_r
                0x00111ff0       0x28 C:/devkitPro/devkitARM/bin/../lib/gcc/arm-none-eabi/15.1.0/../../../../arm-none-eabi/lib/armv6k/fpu\libg.a(libc_a-wcsrtombs.o)
                0x00111ff0                _wcsrtombs_r
 .text.__swsetup_r
                0x00112018      0x140 C:/devkitPro/devkitARM/bin/../lib/gcc/arm-none-eabi/15.1.0/../../../../arm-none-eabi/lib/armv6k/fpu\libg.a(libc_a-wsetup.o)
                0x00112018                __swsetup_r
 .text.frexp    0x00112158       0x88 C:/devkitPro/devkitARM/bin/../lib/gcc/arm-none-eabi/15.1.0/../../../../arm-none-eabi/lib/armv6k/fpu\libg.a(libm_a-s_frexp.o)
                0x00112158                frexp
 .text.__assert_func
                0x001121e0       0x5c C:/devkitPro/devkitARM/bin/../lib/gcc/arm-none-eabi/15.1.0/../../../../arm-none-eabi/lib/armv6k/fpu\libg.a(libc_a-assert.o)
                0x001121e0                __assert_func
 .text._Balloc  0x0011223c       0x88 C:/devkitPro/devkitARM/bin/../lib/gcc/arm-none-eabi/15.1.0/../../../../arm-none-eabi/lib/armv6k/fpu\libg.a(libc_a-mprec.o)
                0x0011223c                _Balloc
 .text._Bfree   0x001122c4       0x1c C:/devkitPro/devkitARM/bin/../lib/gcc/arm-none-eabi/15.1.0/../../../../arm-none-eabi/lib/armv6k/fpu\libg.a(libc_a-mprec.o)
                0x001122c4                _Bfree
 .text.__multadd
                0x001122e0       0xf4 C:/devkitPro/devkitARM/bin/../lib/gcc/arm-none-eabi/15.1.0/../../../../arm-none-eabi/lib/armv6k/fpu\libg.a(libc_a-mprec.o)
                0x001122e0                __multadd
 .text.__hi0bits
                0x001123d4       0x80 C:/devkitPro/devkitARM/bin/../lib/gcc/arm-none-eabi/15.1.0/../../../../arm-none-eabi/lib/armv6k/fpu\libg.a(libc_a-mprec.o)
                0x001123d4                __hi0bits
 .text.__lo0bits
                0x00112454       0xf0 C:/devkitPro/devkitARM/bin/../lib/gcc/arm-none-eabi/15.1.0/../../../../arm-none-eabi/lib/armv6k/fpu\libg.a(libc_a-mprec.o)
                0x00112454                __lo0bits
 .text.__i2b    0x00112544       0xa4 C:/devkitPro/devkitARM/bin/../lib/gcc/arm-none-eabi/15.1.0/../../../../arm-none-eabi/lib/armv6k/fpu\libg.a(libc_a-mprec.o)
                0x00112544                __i2b
 .text.__multiply
                0x001125e8      0x230 C:/devkitPro/devkitARM/bin/../lib/gcc/arm-none-eabi/15.1.0/../../../../arm-none-eabi/lib/armv6k/fpu\libg.a(libc_a-mprec.o)
                0x001125e8                __multiply
 .text.__pow5mult
                0x00112818      0x130 C:/devkitPro/devkitARM/bin/../lib/gcc/arm-none-eabi/15.1.0/../../../../arm-none-eabi/lib/armv6k/fpu\libg.a(libc_a-mprec.o)
                0x00112818                __pow5mult
 .text.__lshift
                0x00112948      0x138 C:/devkitPro/devkitARM/bin/../lib/gcc/arm-none-eabi/15.1.0/../../../../arm-none-eabi/lib/armv6k/fpu\libg.a(libc_a-mprec.o)
                0x00112948                __lshift
 .text.__mcmp   0x00112a80       0x58 C:/devkitPro/devkitARM/bin/../lib/gcc/arm-none-eabi/15.1.0/../../../../arm-none-eabi/lib/armv6k/fpu\libg.a(libc_a-mprec.o)
                0x00112a80                __mcmp
 .text.__mdiff  0x00112ad8      0x218 C:/devkitPro/devkitARM/bin/../lib/gcc/arm-none-eabi/15.1.0/../../../../arm-none-eabi/lib/armv6k/fpu\libg.a(libc_a-mprec.o)
                0x00112ad8                __mdiff
 .text.__d2b    0x00112cf0      0x120 C:/devkitPro/devkitARM/bin/../lib/gcc/arm-none-eabi/15.1.0/../../../../arm-none-eabi/lib/armv6k/fpu\libg.a(libc_a-mprec.o)
                0x00112cf0                __d2b
 .text.__locale_mb_cur_max
                0x00112e10       0x24 C:/devkitPro/devkitARM/bin/../lib/gcc/arm-none-eabi/15.1.0/../../../../arm-none-eabi/lib/armv6k/fpu\libg.a(libc_a-locale.o)
                0x00112e10                __locale_mb_cur_max
 .text.fiprintf
                0x00112e34       0x3c C:/devkitPro/devkitARM/bin/../lib/gcc/arm-none-eabi/15.1.0/../../../../arm-none-eabi/lib/armv6k/fpu\libg.a(libc_a-fiprintf.o)
                0x00112e34                fiprintf
 .text._wcsnrtombs_l
                0x00112e70      0x15c C:/devkitPro/devkitARM/bin/../lib/gcc/arm-none-eabi/15.1.0/../../../../arm-none-eabi/lib/armv6k/fpu\libg.a(libc_a-wcsnrtombs.o)
                0x00112e70                _wcsnrtombs_l
 .text._wcsnrtombs_r
                0x00112fcc       0x64 C:/devkitPro/devkitARM/bin/../lib/gcc/arm-none-eabi/15.1.0/../../../../arm-none-eabi/lib/armv6k/fpu\libg.a(libc_a-wcsnrtombs.o)
                0x00112fcc                _wcsnrtombs_r
 .text.__utf8_mbtowc
                0x00113030      0x340 C:/devkitPro/devkitARM/bin/../lib/gcc/arm-none-eabi/15.1.0/../../../../arm-none-eabi/lib/armv6k/fpu\libg.a(libc_a-mbtowc_r.o)
                0x00113030                __utf8_mbtowc
 .text.__sprint_r
                0x00113370       0x30 C:/devkitPro/devkitARM/bin/../lib/gcc/arm-none-eabi/15.1.0/../../../../arm-none-eabi/lib/armv6k/fpu\libg.a(libc_a-sprint_r.o)
                0x00113370                __sprint_r
 .text.abort    0x001133a0       0x14 C:/devkitPro/devkitARM/bin/../lib/gcc/arm-none-eabi/15.1.0/../../../../arm-none-eabi/lib/armv6k/fpu\libg.a(libc_a-abort.o)
                0x001133a0                abort
 .text._localeconv_r
                0x001133b4       0x24 C:/devkitPro/devkitARM/bin/../lib/gcc/arm-none-eabi/15.1.0/../../../../arm-none-eabi/lib/armv6k/fpu\libg.a(libc_a-localeconv.o)
                0x001133b4                _localeconv_r
 .text._calloc_r
                0x001133d8       0xd8 C:/devkitPro/devkitARM/bin/../lib/gcc/arm-none-eabi/15.1.0/../../../../arm-none-eabi/lib/armv6k/fpu\libg.a(libc_a-callocr.o)
                0x001133d8                _calloc_r
 .text.__utf8_wctomb
                0x001134b0       0xf8 C:/devkitPro/devkitARM/bin/../lib/gcc/arm-none-eabi/15.1.0/../../../../arm-none-eabi/lib/armv6k/fpu\libg.a(libc_a-wctomb_r.o)
                0x001134b0                __utf8_wctomb
 .text.__sfvwrite_r
                0x001135a8      0x4a4 C:/devkitPro/devkitARM/bin/../lib/gcc/arm-none-eabi/15.1.0/../../../../arm-none-eabi/lib/armv6k/fpu\libg.a(libc_a-fvwrite.o)
                0x001135a8                __sfvwrite_r
 .text.strchr   0x00113a4c      0x140 C:/devkitPro/devkitARM/bin/../lib/gcc/arm-none-eabi/15.1.0/../../../../arm-none-eabi/lib/armv6k/fpu\libg.a(libc_a-strchr.o)
                0x00113a4c                strchr
 .text.memmove  0x00113b8c      0x16c C:/devkitPro/devkitARM/bin/../lib/gcc/arm-none-eabi/15.1.0/../../../../arm-none-eabi/lib/armv6k/fpu\libg.a(libc_a-memmove.o)
                0x00113b8c                memmove
 .text._raise_r
                0x00113cf8       0x9c C:/devkitPro/devkitARM/bin/../lib/gcc/arm-none-eabi/15.1.0/../../../../arm-none-eabi/lib/armv6k/fpu\libg.a(libc_a-signal.o)
                0x00113cf8                _raise_r
 .text.raise    0x00113d94       0x20 C:/devkitPro/devkitARM/bin/../lib/gcc/arm-none-eabi/15.1.0/../../../../arm-none-eabi/lib/armv6k/fpu\libg.a(libc_a-signal.o)
                0x00113d94                raise
 .text.get_arg  0x00113db4      0x5e0 C:/devkitPro/devkitARM/bin/../lib/gcc/arm-none-eabi/15.1.0/../../../../arm-none-eabi/lib/armv6k/fpu\libg.a(libc_a-vfiprintf.o)
 .text._vfiprintf_r
                0x00114394     0x22f8 C:/devkitPro/devkitARM/bin/../lib/gcc/arm-none-eabi/15.1.0/../../../../arm-none-eabi/lib/armv6k/fpu\libg.a(libc_a-vfiprintf.o)
                0x00114394                _vfiprintf_r
 .text.__sbprintf
                0x0011668c       0xb4 C:/devkitPro/devkitARM/bin/../lib/gcc/arm-none-eabi/15.1.0/../../../../arm-none-eabi/lib/armv6k/fpu\libg.a(libc_a-vfiprintf.o)
 .text._realloc_r
                0x00116740      0x4f0 C:/devkitPro/devkitARM/bin/../lib/gcc/arm-none-eabi/15.1.0/../../../../arm-none-eabi/lib/armv6k/fpu\libg.a(libc_a-reallocr.o)
                0x00116740                _realloc_r
 .text._exit    0x00116c30       0x20 C:/devkitPro/devkitARM/bin/../lib/gcc/arm-none-eabi/15.1.0/../../../../arm-none-eabi/lib/armv6k/fpu\libsysbase.a(libsysbase_libsysbase_a-_exit.o)
                0x00116c30                _exit
 .text.chdir    0x00116c50      0x140 C:/devkitPro/devkitARM/bin/../lib/gcc/arm-none-eabi/15.1.0/../../../../arm-none-eabi/lib/armv6k/fpu\libsysbase.a(libsysbase_libsysbase_a-chdir.o)
                0x00116c50                chdir
 .text._concatenate_path
                0x00116d90      0x1c8 C:/devkitPro/devkitARM/bin/../lib/gcc/arm-none-eabi/15.1.0/../../../../arm-none-eabi/lib/armv6k/fpu\libsysbase.a(libsysbase_libsysbase_a-concatenate.o)
                0x00116d90                _concatenate_path
 .text._fstat_r
                0x00116f58       0x9c C:/devkitPro/devkitARM/bin/../lib/gcc/arm-none-eabi/15.1.0/../../../../arm-none-eabi/lib/armv6k/fpu\libsysbase.a(libsysbase_libsysbase_a-fstat.o)
                0x00116f58                _fstat_r
 .text._getpid_r
                0x00116ff4       0x14 C:/devkitPro/devkitARM/bin/../lib/gcc/arm-none-eabi/15.1.0/../../../../arm-none-eabi/lib/armv6k/fpu\libsysbase.a(libsysbase_libsysbase_a-getpid.o)
                0x00116ff4                _getpid_r
 .text.__getreent
                0x00117008       0x2c C:/devkitPro/devkitARM/bin/../lib/gcc/arm-none-eabi/15.1.0/../../../../arm-none-eabi/lib/armv6k/fpu\libsysbase.a(libsysbase_libsysbase_a-getreent.o)
                0x00117008                __getreent
 .text.__get_handle
                0x00117034       0x58 C:/devkitPro/devkitARM/bin/../lib/gcc/arm-none-eabi/15.1.0/../../../../arm-none-eabi/lib/armv6k/fpu\libsysbase.a(libsysbase_libsysbase_a-handle_manager.o)
                0x00117034                __get_handle
 .text._close_r
                0x0011708c      0x110 C:/devkitPro/devkitARM/bin/../lib/gcc/arm-none-eabi/15.1.0/../../../../arm-none-eabi/lib/armv6k/fpu\libsysbase.a(libsysbase_libsysbase_a-handle_manager.o)
                0x0011708c                _close_r
 .text.null_write
                0x0011719c        0x8 C:/devkitPro/devkitARM/bin/../lib/gcc/arm-none-eabi/15.1.0/../../../../arm-none-eabi/lib/armv6k/fpu\libsysbase.a(libsysbase_libsysbase_a-iosupport.o)
 .text.setDefaultDevice
                0x001171a4       0x18 C:/devkitPro/devkitARM/bin/../lib/gcc/arm-none-eabi/15.1.0/../../../../arm-none-eabi/lib/armv6k/fpu\libsysbase.a(libsysbase_libsysbase_a-iosupport.o)
                0x001171a4                setDefaultDevice
 .text.FindDevice
                0x001171bc       0xc4 C:/devkitPro/devkitARM/bin/../lib/gcc/arm-none-eabi/15.1.0/../../../../arm-none-eabi/lib/armv6k/fpu\libsysbase.a(libsysbase_libsysbase_a-iosupport.o)
                0x001171bc                FindDevice
 .text.RemoveDevice
                0x00117280       0x28 C:/devkitPro/devkitARM/bin/../lib/gcc/arm-none-eabi/15.1.0/../../../../arm-none-eabi/lib/armv6k/fpu\libsysbase.a(libsysbase_libsysbase_a-iosupport.o)
                0x00117280                RemoveDevice
 .text.AddDevice
                0x001172a8       0x98 C:/devkitPro/devkitARM/bin/../lib/gcc/arm-none-eabi/15.1.0/../../../../arm-none-eabi/lib/armv6k/fpu\libsysbase.a(libsysbase_libsysbase_a-iosupport.o)
                0x001172a8                AddDevice
 .text.GetDeviceOpTab
                0x00117340       0x20 C:/devkitPro/devkitARM/bin/../lib/gcc/arm-none-eabi/15.1.0/../../../../arm-none-eabi/lib/armv6k/fpu\libsysbase.a(libsysbase_libsysbase_a-iosupport.o)
                0x00117340                GetDeviceOpTab
 .text._isatty_r
                0x00117360        0x8 C:/devkitPro/devkitARM/bin/../lib/gcc/arm-none-eabi/15.1.0/../../../../arm-none-eabi/lib/armv6k/fpu\libsysbase.a(libsysbase_libsysbase_a-isatty.o)
                0x00117360                _isatty_r
 .text._kill_r  0x00117368       0x14 C:/devkitPro/devkitARM/bin/../lib/gcc/arm-none-eabi/15.1.0/../../../../arm-none-eabi/lib/armv6k/fpu\libsysbase.a(libsysbase_libsysbase_a-kill.o)
                0x00117368                _kill_r
 .text._lseek_r
                0x0011737c       0x94 C:/devkitPro/devkitARM/bin/../lib/gcc/arm-none-eabi/15.1.0/../../../../arm-none-eabi/lib/armv6k/fpu\libsysbase.a(libsysbase_libsysbase_a-lseek.o)
                0x0011737c                _lseek_r
 .text._read_r  0x00117410       0x94 C:/devkitPro/devkitARM/bin/../lib/gcc/arm-none-eabi/15.1.0/../../../../arm-none-eabi/lib/armv6k/fpu\libsysbase.a(libsysbase_libsysbase_a-read.o)
                0x00117410                _read_r
 .text._sbrk_r  0x001174a4       0x78 C:/devkitPro/devkitARM/bin/../lib/gcc/arm-none-eabi/15.1.0/../../../../arm-none-eabi/lib/armv6k/fpu\libsysbase.a(libsysbase_libsysbase_a-sbrk.o)
                0x001174a4                _sbrk_r
 .text.__libc_lock_acquire
                0x0011751c       0x1c C:/devkitPro/devkitARM/bin/../lib/gcc/arm-none-eabi/15.1.0/../../../../arm-none-eabi/lib/armv6k/fpu\libsysbase.a(libsysbase_libsysbase_a-syscall_support.o)
                0x0011751c                __libc_lock_acquire
 .text.__libc_lock_release
                0x00117538       0x1c C:/devkitPro/devkitARM/bin/../lib/gcc/arm-none-eabi/15.1.0/../../../../arm-none-eabi/lib/armv6k/fpu\libsysbase.a(libsysbase_libsysbase_a-syscall_support.o)
                0x00117538                __libc_lock_release
 .text.__libc_lock_acquire_recursive
                0x00117554       0x1c C:/devkitPro/devkitARM/bin/../lib/gcc/arm-none-eabi/15.1.0/../../../../arm-none-eabi/lib/armv6k/fpu\libsysbase.a(libsysbase_libsysbase_a-syscall_support.o)
                0x00117554                __libc_lock_acquire_recursive
 .text.__libc_lock_release_recursive
                0x00117570       0x1c C:/devkitPro/devkitARM/bin/../lib/gcc/arm-none-eabi/15.1.0/../../../../arm-none-eabi/lib/armv6k/fpu\libsysbase.a(libsysbase_libsysbase_a-syscall_support.o)
                0x00117570                __libc_lock_release_recursive
 .text._write_r
                0x0011758c       0x94 C:/devkitPro/devkitARM/bin/../lib/gcc/arm-none-eabi/15.1.0/../../../../arm-none-eabi/lib/armv6k/fpu\libsysbase.a(libsysbase_libsysbase_a-write.o)
                0x0011758c                _write_r
 .text.strrchr  0x00117620       0x48 C:/devkitPro/devkitARM/bin/../lib/gcc/arm-none-eabi/15.1.0/../../../../arm-none-eabi/lib/armv6k/fpu\libg.a(libc_a-strrchr.o)
                0x00117620                strrchr
 *(.glue_7)
 .glue_7        0x00117668        0x0 linker stubs
 *(.glue_7t)
 .glue_7t       0x00117668        0x0 linker stubs
 *(.stub)
 *(.gnu.warning)
 *(.gnu.linkonce.t*)
                0x00117668                        . = ALIGN (0x4)
 *(.fini)
 .fini          0x00117668        0xc C:/devkitPro/devkitARM/bin/../lib/gcc/arm-none-eabi/15.1.0/armv6k/fpu/crti.o
                0x00117668                _fini
 .fini          0x00117674        0xc C:/devkitPro/devkitARM/bin/../lib/gcc/arm-none-eabi/15.1.0/armv6k/fpu/crtn.o
                0x00117680                        . = ALIGN (0x4)

.vfp11_veneer   0x00117680        0x0
 .vfp11_veneer  0x00117680        0x0 linker stubs

.v4_bx          0x00117680        0x0
 .v4_bx         0x00117680        0x0 linker stubs

.iplt           0x00117680        0x0
 .iplt          0x00117680        0x0 C:/devkitPro/devkitARM/bin/../lib/gcc/arm-none-eabi/15.1.0/../../../../arm-none-eabi/lib/armv6k/fpu/3dsx_crt0.o
                0x00118000                        . = ALIGN (0x1000)

.rodata         0x00118000     0x13f8
 *(.rodata)
 .rodata        0x00118000        0xc C:/devkitPro/libctru/lib\libctru.a(archive_dev.o)
 *(.roda)
 *(.rodata.*)
 .rodata.str1.4
                0x0011800c      0x20c main.o
                                 0x35 (size before relaxing)
 .rodata.consolePrintChar
                0x00118218        0x6 C:/devkitPro/libctru/lib\libctru.a(console.o)
 .rodata.con_write
                0x0011821e      0x164 C:/devkitPro/libctru/lib\libctru.a(console.o)
 .rodata.str1.4
                0x00118382       0x10 C:/devkitPro/libctru/lib\libctru.a(console.o)
 *fill*         0x00118382        0x2 
 .rodata.dotab_stdout
                0x00118384       0x80 C:/devkitPro/libctru/lib\libctru.a(console.o)
 .rodata.grayScale
                0x00118404       0x18 C:/devkitPro/libctru/lib\libctru.a(console.o)
 .rodata.colorCube
                0x0011841c        0x6 C:/devkitPro/libctru/lib\libctru.a(console.o)
 *fill*         0x00118422        0x2 
 .rodata.colorTable
                0x00118424       0x30 C:/devkitPro/libctru/lib\libctru.a(console.o)
 .rodata.aptEventHandler
                0x00118454        0xb C:/devkitPro/libctru/lib\libctru.a(apt.o)
 .rodata.aptWaitForWakeUp.isra.0
                0x0011845f       0x11 C:/devkitPro/libctru/lib\libctru.a(apt.o)
 .rodata.morton_y.2
                0x00118470        0x8 C:/devkitPro/libctru/lib\libctru.a(apt.o)
 .rodata.morton_x.3
                0x00118478        0x8 C:/devkitPro/libctru/lib\libctru.a(apt.o)
 .rodata.s_sleepWakeEvents.4
                0x00118480        0x8 C:/devkitPro/libctru/lib\libctru.a(apt.o)
 .rodata.str1.4
                0x00118488       0x16 C:/devkitPro/libctru/lib\libctru.a(apt.o)
 .rodata.serviceNameTable.5
                0x00118488        0xc C:/devkitPro/libctru/lib\libctru.a(apt.o)
 .rodata.gspInit.str1.4
                0x00118494        0x9 C:/devkitPro/libctru/lib\libctru.a(gspgpu.o)
 .rodata.hidInit.str1.4
                0x00118494       0x15 C:/devkitPro/libctru/lib\libctru.a(hid.o)
 .rodata.irrstInit.str1.4
                0x00118494        0x7 C:/devkitPro/libctru/lib\libctru.a(irrst.o)
 .rodata.__system_initArgv.str1.4
                0x00118494        0xa C:/devkitPro/libctru/lib\libctru.a(initArgv.o)
 .rodata.default_font_bin
                0x00118494      0x800 C:/devkitPro/libctru/lib\libctru.a(default_font.bin.o)
                0x00118494                default_font_bin
                0x00118c94                default_font_bin_end
 .rodata.srvInit.str1.4
                0x00118c94        0x5 C:/devkitPro/libctru/lib\libctru.a(srv.o)
 .rodata.ptmSysmInit.str1.4
                0x00118c94        0x9 C:/devkitPro/libctru/lib\libctru.a(ptmsysm.o)
 .rodata.archive_utf16path.str1.4
                0x00118c94        0x2 C:/devkitPro/libctru/lib\libctru.a(archive_dev.o)
 .rodata._archiveUnmountDeviceStruct.part.0.str1.4
                0x00118c94        0x2 C:/devkitPro/libctru/lib\libctru.a(archive_dev.o)
 .rodata._archiveMountDevice.str1.4
                0x00118c94        0xc C:/devkitPro/libctru/lib\libctru.a(archive_dev.o)
 .rodata.archiveMountSdmc.str1.4
                0x00118c94        0x5 C:/devkitPro/libctru/lib\libctru.a(archive_dev.o)
 .rodata.error_table
                0x00118c94       0x30 C:/devkitPro/libctru/lib\libctru.a(archive_dev.o)
 .rodata.str1.4
                0x00118cc4        0x8 C:/devkitPro/libctru/lib\libctru.a(archive_dev.o)
 .rodata.archive_devoptab
                0x00118cc4       0x80 C:/devkitPro/libctru/lib\libctru.a(archive_dev.o)
 .rodata.fsInit.str1.4
                0x00118d44        0x8 C:/devkitPro/libctru/lib\libctru.a(fs.o)
 .rodata._ctype_
                0x00118d44      0x101 C:/devkitPro/devkitARM/bin/../lib/gcc/arm-none-eabi/15.1.0/../../../../arm-none-eabi/lib/armv6k/fpu\libg.a(libc_a-ctype_.o)
                0x00118d44                _ctype_
 *fill*         0x00118e45        0x1 
 .rodata.get_arg
                0x00118e46       0x34 C:/devkitPro/devkitARM/bin/../lib/gcc/arm-none-eabi/15.1.0/../../../../arm-none-eabi/lib/armv6k/fpu\libg.a(libc_a-vfprintf.o)
 .rodata._vfprintf_r.str1.1
                0x00118e7a       0x3b C:/devkitPro/devkitARM/bin/../lib/gcc/arm-none-eabi/15.1.0/../../../../arm-none-eabi/lib/armv6k/fpu\libg.a(libc_a-vfprintf.o)
 *fill*         0x00118eb5        0x1 
 .rodata._vfprintf_r
                0x00118eb6       0xb6 C:/devkitPro/devkitARM/bin/../lib/gcc/arm-none-eabi/15.1.0/../../../../arm-none-eabi/lib/armv6k/fpu\libg.a(libc_a-vfprintf.o)
 .rodata.zeroes.0
                0x00118f6c       0x10 C:/devkitPro/devkitARM/bin/../lib/gcc/arm-none-eabi/15.1.0/../../../../arm-none-eabi/lib/armv6k/fpu\libg.a(libc_a-vfprintf.o)
 .rodata.blanks.1
                0x00118f7c       0x10 C:/devkitPro/devkitARM/bin/../lib/gcc/arm-none-eabi/15.1.0/../../../../arm-none-eabi/lib/armv6k/fpu\libg.a(libc_a-vfprintf.o)
 .rodata._dtoa_r.str1.4
                0x00118f8c       0x6a C:/devkitPro/devkitARM/bin/../lib/gcc/arm-none-eabi/15.1.0/../../../../arm-none-eabi/lib/armv6k/fpu\libg.a(libc_a-dtoa.o)
 .rodata._dtoa_r
                0x00118f8c        0x8 C:/devkitPro/devkitARM/bin/../lib/gcc/arm-none-eabi/15.1.0/../../../../arm-none-eabi/lib/armv6k/fpu\libg.a(libc_a-dtoa.o)
 .rodata.__action_table
                0x00118f94       0x6c C:/devkitPro/devkitARM/bin/../lib/gcc/arm-none-eabi/15.1.0/../../../../arm-none-eabi/lib/armv6k/fpu\libg.a(libc_a-svfiprintf.o)
                0x00118f94                __action_table
 .rodata.__state_table
                0x00119000       0x6c C:/devkitPro/devkitARM/bin/../lib/gcc/arm-none-eabi/15.1.0/../../../../arm-none-eabi/lib/armv6k/fpu\libg.a(libc_a-svfiprintf.o)
                0x00119000                __state_table
 .rodata.__chclass
                0x0011906c      0x100 C:/devkitPro/devkitARM/bin/../lib/gcc/arm-none-eabi/15.1.0/../../../../arm-none-eabi/lib/armv6k/fpu\libg.a(libc_a-svfiprintf.o)
                0x0011906c                __chclass
 .rodata.__assert_func.str1.4
                0x0011916c       0x43 C:/devkitPro/devkitARM/bin/../lib/gcc/arm-none-eabi/15.1.0/../../../../arm-none-eabi/lib/armv6k/fpu\libg.a(libc_a-assert.o)
 .rodata.__multadd.str1.4
                0x0011916c       0x57 C:/devkitPro/devkitARM/bin/../lib/gcc/arm-none-eabi/15.1.0/../../../../arm-none-eabi/lib/armv6k/fpu\libg.a(libc_a-mprec.o)
 .rodata.p05.0  0x0011916c        0xc C:/devkitPro/devkitARM/bin/../lib/gcc/arm-none-eabi/15.1.0/../../../../arm-none-eabi/lib/armv6k/fpu\libg.a(libc_a-mprec.o)
 .rodata.__mprec_bigtens
                0x00119178       0x28 C:/devkitPro/devkitARM/bin/../lib/gcc/arm-none-eabi/15.1.0/../../../../arm-none-eabi/lib/armv6k/fpu\libg.a(libc_a-mprec.o)
                0x00119178                __mprec_bigtens
 .rodata.__mprec_tens
                0x001191a0       0xc8 C:/devkitPro/devkitARM/bin/../lib/gcc/arm-none-eabi/15.1.0/../../../../arm-none-eabi/lib/armv6k/fpu\libg.a(libc_a-mprec.o)
                0x001191a0                __mprec_tens
 .rodata.str1.4
                0x00119268       0x4c C:/devkitPro/devkitARM/bin/../lib/gcc/arm-none-eabi/15.1.0/../../../../arm-none-eabi/lib/armv6k/fpu\libg.a(libc_a-locale.o)
 .rodata.get_arg
                0x00119268       0x34 C:/devkitPro/devkitARM/bin/../lib/gcc/arm-none-eabi/15.1.0/../../../../arm-none-eabi/lib/armv6k/fpu\libg.a(libc_a-vfiprintf.o)
 .rodata._vfiprintf_r.str1.1
                0x0011929c       0x29 C:/devkitPro/devkitARM/bin/../lib/gcc/arm-none-eabi/15.1.0/../../../../arm-none-eabi/lib/armv6k/fpu\libg.a(libc_a-vfiprintf.o)
 .rodata._vfiprintf_r
                0x0011929c       0xb6 C:/devkitPro/devkitARM/bin/../lib/gcc/arm-none-eabi/15.1.0/../../../../arm-none-eabi/lib/armv6k/fpu\libg.a(libc_a-vfiprintf.o)
 *fill*         0x00119352        0x2 
 .rodata.zeroes.0
                0x00119354       0x10 C:/devkitPro/devkitARM/bin/../lib/gcc/arm-none-eabi/15.1.0/../../../../arm-none-eabi/lib/armv6k/fpu\libg.a(libc_a-vfiprintf.o)
 .rodata.blanks.1
                0x00119364       0x10 C:/devkitPro/devkitARM/bin/../lib/gcc/arm-none-eabi/15.1.0/../../../../arm-none-eabi/lib/armv6k/fpu\libg.a(libc_a-vfiprintf.o)
 .rodata.AddDevice.str1.4
                0x00119374        0x8 C:/devkitPro/devkitARM/bin/../lib/gcc/arm-none-eabi/15.1.0/../../../../arm-none-eabi/lib/armv6k/fpu\libsysbase.a(libsysbase_libsysbase_a-iosupport.o)
 .rodata.dotab_stdnull
                0x00119374       0x80 C:/devkitPro/devkitARM/bin/../lib/gcc/arm-none-eabi/15.1.0/../../../../arm-none-eabi/lib/armv6k/fpu\libsysbase.a(libsysbase_libsysbase_a-iosupport.o)
                0x00119374                dotab_stdnull
 *all.rodata*(*)
 *(.gnu.linkonce.r*)
                0x001193f4                        . = ALIGN (0x4)
                0x001193f4                        __tdata_align = .
                0x001193f4        0x4 LONG 0x4 ALIGNOF (.tdata)
                0x001193f8                        . = ALIGN (0x4)

.eh_frame       0x001193f8        0x0
 .eh_frame      0x001193f8        0x0 C:/devkitPro/devkitARM/bin/../lib/gcc/arm-none-eabi/15.1.0/armv6k/fpu/crtbegin.o

.rel.dyn        0x001193f8        0x0
 .rel.iplt      0x001193f8        0x0 C:/devkitPro/devkitARM/bin/../lib/gcc/arm-none-eabi/15.1.0/../../../../arm-none-eabi/lib/armv6k/fpu/3dsx_crt0.o
 .rel.got       0x001193f8        0x0 C:/devkitPro/devkitARM/bin/../lib/gcc/arm-none-eabi/15.1.0/../../../../arm-none-eabi/lib/armv6k/fpu/3dsx_crt0.o

.ARM.extab
 *(.ARM.extab* .gnu.linkonce.armextab.*)
                0x001193f8                        __exidx_start = .

.ARM.exidx
 *(.ARM.exidx* .gnu.linkonce.armexidx.*)
                0x001193f8                        __exidx_end = .
                0x0011a000                        . = ALIGN (0x1000)

.data           0x0011a000     0x1bec
 *(.data)
 *(.data.*)
 .data.firstConsoleInit.0
                0x0011a000        0x1 C:/devkitPro/libctru/lib\libctru.a(console.o)
 *fill*         0x0011a001        0x3 
 .data.currentConsole
                0x0011a004        0x4 C:/devkitPro/libctru/lib\libctru.a(console.o)
                0x0011a004                currentConsole
 .data.defaultConsole
                0x0011a008       0x48 C:/devkitPro/libctru/lib\libctru.a(console.o)
                0x0011a008                defaultConsole
 .data.aptChainloadDeliverArgSize
                0x0011a050        0x4 C:/devkitPro/libctru/lib\libctru.a(apt.o)
 .data.kCount   0x0011a054        0x4 C:/devkitPro/libctru/lib\libctru.a(hid.o)
 .data.kInterval
                0x0011a058        0x4 C:/devkitPro/libctru/lib\libctru.a(hid.o)
 .data.kDelay   0x0011a05c        0x4 C:/devkitPro/libctru/lib\libctru.a(hid.o)
 .data.__stacksize__
                0x0011a060        0x4 C:/devkitPro/libctru/lib\libctru.a(stack_adjust.o)
                0x0011a060                __stacksize__
 .data.__sglue  0x0011a064        0xc C:/devkitPro/devkitARM/bin/../lib/gcc/arm-none-eabi/15.1.0/../../../../arm-none-eabi/lib/armv6k/fpu\libg.a(libc_a-findfp.o)
                0x0011a064                __sglue
 .data.__malloc_sbrk_base
                0x0011a070        0x4 C:/devkitPro/devkitARM/bin/../lib/gcc/arm-none-eabi/15.1.0/../../../../arm-none-eabi/lib/armv6k/fpu\libg.a(libc_a-mallocr.o)
                0x0011a070                __malloc_sbrk_base
 .data.__malloc_trim_threshold
                0x0011a074        0x4 C:/devkitPro/devkitARM/bin/../lib/gcc/arm-none-eabi/15.1.0/../../../../arm-none-eabi/lib/armv6k/fpu\libg.a(libc_a-mallocr.o)
                0x0011a074                __malloc_trim_threshold
 .data.__malloc_av_
                0x0011a078      0x408 C:/devkitPro/devkitARM/bin/../lib/gcc/arm-none-eabi/15.1.0/../../../../arm-none-eabi/lib/armv6k/fpu\libg.a(libc_a-mallocr.o)
                0x0011a078                __malloc_av_
 .data._impure_ptr
                0x0011a480        0x4 C:/devkitPro/devkitARM/bin/../lib/gcc/arm-none-eabi/15.1.0/../../../../arm-none-eabi/lib/armv6k/fpu\libg.a(libc_a-impure.o)
                0x0011a480                _impure_ptr
 *fill*         0x0011a484        0x4 
 .data._impure_data
                0x0011a488      0x140 C:/devkitPro/devkitARM/bin/../lib/gcc/arm-none-eabi/15.1.0/../../../../arm-none-eabi/lib/armv6k/fpu\libg.a(libc_a-impure.o)
                0x0011a488                _impure_data
 .data.__global_locale
                0x0011a5c8      0x16c C:/devkitPro/devkitARM/bin/../lib/gcc/arm-none-eabi/15.1.0/../../../../arm-none-eabi/lib/armv6k/fpu\libg.a(libc_a-locale.o)
                0x0011a5c8                __global_locale
 .data._current_working_directory
                0x0011a734      0x400 C:/devkitPro/devkitARM/bin/../lib/gcc/arm-none-eabi/15.1.0/../../../../arm-none-eabi/lib/armv6k/fpu\libsysbase.a(libsysbase_libsysbase_a-chdir.o)
 *fill*         0x0011ab34        0x4 
 .data.handles  0x0011ab38     0x1000 C:/devkitPro/devkitARM/bin/../lib/gcc/arm-none-eabi/15.1.0/../../../../arm-none-eabi/lib/armv6k/fpu\libsysbase.a(libsysbase_libsysbase_a-handle_manager.o)
 .data.__stderr_handle
                0x0011bb38        0xc C:/devkitPro/devkitARM/bin/../lib/gcc/arm-none-eabi/15.1.0/../../../../arm-none-eabi/lib/armv6k/fpu\libsysbase.a(libsysbase_libsysbase_a-handle_manager.o)
 .data.__stdout_handle
                0x0011bb44        0xc C:/devkitPro/devkitARM/bin/../lib/gcc/arm-none-eabi/15.1.0/../../../../arm-none-eabi/lib/armv6k/fpu\libsysbase.a(libsysbase_libsysbase_a-handle_manager.o)
 .data.__stdin_handle
                0x0011bb50        0xc C:/devkitPro/devkitARM/bin/../lib/gcc/arm-none-eabi/15.1.0/../../../../arm-none-eabi/lib/armv6k/fpu\libsysbase.a(libsysbase_libsysbase_a-handle_manager.o)
 .data.devoptab_list
                0x0011bb5c       0x8c C:/devkitPro/devkitARM/bin/../lib/gcc/arm-none-eabi/15.1.0/../../../../arm-none-eabi/lib/armv6k/fpu\libsysbase.a(libsysbase_libsysbase_a-iosupport.o)
                0x0011bb5c                devoptab_list
 .data.defaultDevice
                0x0011bbe8        0x4 C:/devkitPro/devkitARM/bin/../lib/gcc/arm-none-eabi/15.1.0/../../../../arm-none-eabi/lib/armv6k/fpu\libsysbase.a(libsysbase_libsysbase_a-iosupport.o)
 *(.gnu.linkonce.d*)
                0x0011bbec                        . = ALIGN (0x4)

.igot.plt       0x0011bbec        0x0
 .igot.plt      0x0011bbec        0x0 C:/devkitPro/devkitARM/bin/../lib/gcc/arm-none-eabi/15.1.0/../../../../arm-none-eabi/lib/armv6k/fpu/3dsx_crt0.o

.got            0x0011bbec        0x8
 .got           0x0011bbec        0x8 C:/devkitPro/devkitARM/bin/../lib/gcc/arm-none-eabi/15.1.0/../../../../arm-none-eabi/lib/armv6k/fpu/3dsx_crt0.o

.got.plt        0x0011bbf4        0xc
 .got.plt       0x0011bbf4        0xc C:/devkitPro/devkitARM/bin/../lib/gcc/arm-none-eabi/15.1.0/../../../../arm-none-eabi/lib/armv6k/fpu/3dsx_crt0.o
                0x0011bbf4                _GLOBAL_OFFSET_TABLE_

.tdata          0x0011bc00        0x0
                0x0011bc00                        __tdata_lma = .
 *(.tdata)
 *(.tdata.*)
 *(.gnu.linkonce.td.*)
                0x0011bc00                        . = ALIGN (0x4)
                0x0011bc00                        __tdata_lma_end = .

.tbss           0x0011bc00      0xc08
 *(.tbss)
 *(.tbss.*)
 .tbss.__ctru_dev_utf16_buf
                0x0011bc00      0x802 C:/devkitPro/libctru/lib\libctru.a(path_buf.o)
                0x0011bc00                __ctru_dev_utf16_buf
 *fill*         0x0011c402        0x2 
 .tbss.__ctru_dev_path_buf
                0x0011c404      0x401 C:/devkitPro/libctru/lib\libctru.a(path_buf.o)
                0x0011c404                __ctru_dev_path_buf
 *(.gnu.linkonce.tb.*)
 *(.tcommon)
                0x0011c808                        . = ALIGN (0x4)
 *fill*         0x0011c805        0x3 

.preinit_array  0x0011bc00        0x0
                0x0011bc00                        PROVIDE (__preinit_array_start = .)
 *(.preinit_array)
                0x0011bc00                        PROVIDE (__preinit_array_end = .)

.init_array     0x0011bc00        0x4
                0x0011bc00                        PROVIDE (__init_array_start = .)
 *(SORT_BY_NAME(.init_array.*))
 *(.init_array)
 .init_array    0x0011bc00        0x4 C:/devkitPro/devkitARM/bin/../lib/gcc/arm-none-eabi/15.1.0/armv6k/fpu/crtbegin.o
                0x0011bc04                        PROVIDE (__init_array_end = .)

.fini_array     0x0011bc04        0x4
                0x0011bc04                        PROVIDE (__fini_array_start = .)
 *(.fini_array)
 .fini_array    0x0011bc04        0x4 C:/devkitPro/devkitARM/bin/../lib/gcc/arm-none-eabi/15.1.0/armv6k/fpu/crtbegin.o
 *(SORT_BY_NAME(.fini_array.*))
                0x0011bc08                        PROVIDE (__fini_array_end = .)

.ctors
 *crtbegin.o(.ctors)
 *(EXCLUDE_FILE(*crtend.o) .ctors)
 *(SORT_BY_NAME(.ctors.*))
 *(.ctors)

.dtors
 *crtbegin.o(.dtors)
 *(EXCLUDE_FILE(*crtend.o) .dtors)
 *(SORT_BY_NAME(.dtors.*))
 *(.dtors)
                0x0011bc08                        __bss_start__ = .

.bss            0x0011bc08     0x2e2c
 *(.dynbss)
 *(.bss)
 *(.bss.*)
 .bss.completed.1
                0x0011bc08        0x1 C:/devkitPro/devkitARM/bin/../lib/gcc/arm-none-eabi/15.1.0/armv6k/fpu/crtbegin.o
 *fill*         0x0011bc09        0x3 
 .bss.object.0  0x0011bc0c       0x18 C:/devkitPro/devkitARM/bin/../lib/gcc/arm-none-eabi/15.1.0/armv6k/fpu/crtbegin.o
 .bss.escapeSeq
                0x0011bc24       0x64 C:/devkitPro/libctru/lib\libctru.a(console.o)
 .bss.currentCopy
                0x0011bc88       0x48 C:/devkitPro/libctru/lib\libctru.a(console.o)
                0x0011bc88                currentCopy
 .bss.screenAlloc
                0x0011bcd0        0x4 C:/devkitPro/libctru/lib\libctru.a(gfx.o)
 .bss.screenFree
                0x0011bcd4        0x4 C:/devkitPro/libctru/lib\libctru.a(gfx.o)
 .bss.gfxIsDoubleBuf
                0x0011bcd8        0x2 C:/devkitPro/libctru/lib\libctru.a(gfx.o)
 *fill*         0x0011bcda        0x2 
 .bss.gfxCurBuf
                0x0011bcdc        0x2 C:/devkitPro/libctru/lib\libctru.a(gfx.o)
 .bss.gfxIsVram
                0x0011bcde        0x1 C:/devkitPro/libctru/lib\libctru.a(gfx.o)
 .bss.gfxTopMode
                0x0011bcdf        0x1 C:/devkitPro/libctru/lib\libctru.a(gfx.o)
 .bss.gfxFramebufferFormats
                0x0011bce0        0x2 C:/devkitPro/libctru/lib\libctru.a(gfx.o)
 *fill*         0x0011bce2        0x2 
 .bss.gfxBottomFramebufferMaxSize
                0x0011bce4        0x4 C:/devkitPro/libctru/lib\libctru.a(gfx.o)
 .bss.gfxTopFramebufferMaxSize
                0x0011bce8        0x4 C:/devkitPro/libctru/lib\libctru.a(gfx.o)
 *fill*         0x0011bcec        0x4 
 .bss.gfxBottomFramebuffers
                0x0011bcf0        0x8 C:/devkitPro/libctru/lib\libctru.a(gfx.o)
 .bss.gfxTopFramebuffers
                0x0011bcf8        0x8 C:/devkitPro/libctru/lib\libctru.a(gfx.o)
 .bss.flagValue.0
                0x0011bd00        0x1 C:/devkitPro/libctru/lib\libctru.a(apt.o)
 .bss.flagInit.1
                0x0011bd01        0x1 C:/devkitPro/libctru/lib\libctru.a(apt.o)
 *fill*         0x0011bd02        0x2 
 .bss.serviceName.6
                0x0011bd04        0x4 C:/devkitPro/libctru/lib\libctru.a(apt.o)
 .bss.aptChainloadFlags
                0x0011bd08        0x1 C:/devkitPro/libctru/lib\libctru.a(apt.o)
 .bss.aptChainloadMediatype
                0x0011bd09        0x1 C:/devkitPro/libctru/lib\libctru.a(apt.o)
 *fill*         0x0011bd0a        0x2 
 .bss.aptChainloadHmac
                0x0011bd0c       0x20 C:/devkitPro/libctru/lib\libctru.a(apt.o)
 .bss.aptChainloadDeliverArg
                0x0011bd2c      0x300 C:/devkitPro/libctru/lib\libctru.a(apt.o)
 *fill*         0x0011c02c        0x4 
 .bss.aptChainloadTid
                0x0011c030        0x8 C:/devkitPro/libctru/lib\libctru.a(apt.o)
 .bss.aptParameters
                0x0011c038     0x1000 C:/devkitPro/libctru/lib\libctru.a(apt.o)
 .bss.aptFlags  0x0011d038        0x4 C:/devkitPro/libctru/lib\libctru.a(apt.o)
 .bss.aptHomeButtonState
                0x0011d03c        0x1 C:/devkitPro/libctru/lib\libctru.a(apt.o)
 *fill*         0x0011d03d        0x3 
 .bss.aptMessageFuncData
                0x0011d040        0x4 C:/devkitPro/libctru/lib\libctru.a(apt.o)
 .bss.aptMessageFunc
                0x0011d044        0x4 C:/devkitPro/libctru/lib\libctru.a(apt.o)
 .bss.aptFirstHook
                0x0011d048        0xc C:/devkitPro/libctru/lib\libctru.a(apt.o)
 .bss.aptEventHandlerThreadQuit
                0x0011d054        0x1 C:/devkitPro/libctru/lib\libctru.a(apt.o)
 *fill*         0x0011d055        0x3 
 .bss.aptEventHandlerThread
                0x0011d058        0x4 C:/devkitPro/libctru/lib\libctru.a(apt.o)
 .bss.aptSleepEvent
                0x0011d05c        0x8 C:/devkitPro/libctru/lib\libctru.a(apt.o)
 .bss.aptReceiveEvent
                0x0011d064        0x8 C:/devkitPro/libctru/lib\libctru.a(apt.o)
 .bss.aptEvents
                0x0011d06c        0x8 C:/devkitPro/libctru/lib\libctru.a(apt.o)
 .bss.aptLockHandle
                0x0011d074        0x4 C:/devkitPro/libctru/lib\libctru.a(apt.o)
 .bss.aptRefCount
                0x0011d078        0x4 C:/devkitPro/libctru/lib\libctru.a(apt.o)
 .bss.gspEventCbOneShot
                0x0011d07c        0x7 C:/devkitPro/libctru/lib\libctru.a(gspgpu.o)
 *fill*         0x0011d083        0x1 
 .bss.gspEventCbData
                0x0011d084       0x1c C:/devkitPro/libctru/lib\libctru.a(gspgpu.o)
 .bss.gspEventCb
                0x0011d0a0       0x1c C:/devkitPro/libctru/lib\libctru.a(gspgpu.o)
 .bss.gspEvents
                0x0011d0bc       0x38 C:/devkitPro/libctru/lib\libctru.a(gspgpu.o)
 .bss.gspLastEvent
                0x0011d0f4        0x4 C:/devkitPro/libctru/lib\libctru.a(gspgpu.o)
 .bss.gspRunEvents
                0x0011d0f8        0x1 C:/devkitPro/libctru/lib\libctru.a(gspgpu.o)
 *fill*         0x0011d0f9        0x3 
 .bss.gspEventThread
                0x0011d0fc        0x4 C:/devkitPro/libctru/lib\libctru.a(gspgpu.o)
 .bss.gspEvent  0x0011d100        0x4 C:/devkitPro/libctru/lib\libctru.a(gspgpu.o)
 .bss.gspGpuRight
                0x0011d104        0x1 C:/devkitPro/libctru/lib\libctru.a(gspgpu.o)
 .bss.gspThreadId
                0x0011d105        0x1 C:/devkitPro/libctru/lib\libctru.a(gspgpu.o)
 *fill*         0x0011d106        0x2 
 .bss.gspSharedMem
                0x0011d108        0x4 C:/devkitPro/libctru/lib\libctru.a(gspgpu.o)
 .bss.gspSharedMemHandle
                0x0011d10c        0x4 C:/devkitPro/libctru/lib\libctru.a(gspgpu.o)
 .bss.gspRefCount
                0x0011d110        0x4 C:/devkitPro/libctru/lib\libctru.a(gspgpu.o)
 .bss.gspGpuHandle
                0x0011d114        0x4 C:/devkitPro/libctru/lib\libctru.a(gspgpu.o)
 .bss.usingIrrst
                0x0011d118        0x1 C:/devkitPro/libctru/lib\libctru.a(hid.o)
 *fill*         0x0011d119        0x3 
 .bss.hidRefCount
                0x0011d11c        0x4 C:/devkitPro/libctru/lib\libctru.a(hid.o)
 .bss.gRate     0x0011d120        0x6 C:/devkitPro/libctru/lib\libctru.a(hid.o)
 *fill*         0x0011d126        0x2 
 .bss.aVec      0x0011d128        0x6 C:/devkitPro/libctru/lib\libctru.a(hid.o)
 *fill*         0x0011d12e        0x2 
 .bss.cPos      0x0011d130        0x4 C:/devkitPro/libctru/lib\libctru.a(hid.o)
 .bss.tPos      0x0011d134        0x4 C:/devkitPro/libctru/lib\libctru.a(hid.o)
 .bss.kRepeat   0x0011d138        0x4 C:/devkitPro/libctru/lib\libctru.a(hid.o)
 .bss.kUp       0x0011d13c        0x4 C:/devkitPro/libctru/lib\libctru.a(hid.o)
 .bss.kDown     0x0011d140        0x4 C:/devkitPro/libctru/lib\libctru.a(hid.o)
 .bss.kHeld     0x0011d144        0x4 C:/devkitPro/libctru/lib\libctru.a(hid.o)
 .bss.kOld      0x0011d148        0x4 C:/devkitPro/libctru/lib\libctru.a(hid.o)
 .bss.hidSharedMem
                0x0011d14c        0x4 C:/devkitPro/libctru/lib\libctru.a(hid.o)
                0x0011d14c                hidSharedMem
 .bss.hidEvents
                0x0011d150       0x14 C:/devkitPro/libctru/lib\libctru.a(hid.o)
                0x0011d150                hidEvents
 .bss.hidMemHandle
                0x0011d164        0x4 C:/devkitPro/libctru/lib\libctru.a(hid.o)
                0x0011d164                hidMemHandle
 .bss.hidHandle
                0x0011d168        0x4 C:/devkitPro/libctru/lib\libctru.a(hid.o)
                0x0011d168                hidHandle
 .bss.irrstRefCount
                0x0011d16c        0x4 C:/devkitPro/libctru/lib\libctru.a(irrst.o)
 .bss.csPos     0x0011d170        0x4 C:/devkitPro/libctru/lib\libctru.a(irrst.o)
 .bss.kHeld     0x0011d174        0x4 C:/devkitPro/libctru/lib\libctru.a(irrst.o)
 .bss.irrstSharedMem
                0x0011d178        0x4 C:/devkitPro/libctru/lib\libctru.a(irrst.o)
                0x0011d178                irrstSharedMem
 .bss.irrstEvent
                0x0011d17c        0x4 C:/devkitPro/libctru/lib\libctru.a(irrst.o)
                0x0011d17c                irrstEvent
 .bss.irrstMemHandle
                0x0011d180        0x4 C:/devkitPro/libctru/lib\libctru.a(irrst.o)
                0x0011d180                irrstMemHandle
 .bss.irrstHandle
                0x0011d184        0x4 C:/devkitPro/libctru/lib\libctru.a(irrst.o)
                0x0011d184                irrstHandle
 .bss.__system_retAddr
                0x0011d188        0x4 C:/devkitPro/libctru/lib\libctru.a(ctru_init.o)
                0x0011d188                __system_retAddr
 .bss.__system_argv
                0x0011d18c        0x4 C:/devkitPro/libctru/lib\libctru.a(initArgv.o)
                0x0011d18c                __system_argv
 .bss.__system_argc
                0x0011d190        0x4 C:/devkitPro/libctru/lib\libctru.a(initArgv.o)
                0x0011d190                __system_argc
 .bss.saved_stack.42
                0x0011d194        0x8 C:/devkitPro/libctru/lib\libctru.a(stack_adjust.o)
 *fill*         0x0011d19c        0x4 
 .bss._ZL11sLinearPool
                0x0011d1a0        0x8 C:/devkitPro/libctru/lib\libctru.a(linear.o)
 .bss._ZL8sAddrMap
                0x0011d1a8        0xc C:/devkitPro/libctru/lib\libctru.a(linear.o)
 *fill*         0x0011d1b4        0x4 
 .bss._ZL10sVramPoolB
                0x0011d1b8        0x8 C:/devkitPro/libctru/lib\libctru.a(vram.o)
 .bss._ZL10sVramPoolA
                0x0011d1c0        0x8 C:/devkitPro/libctru/lib\libctru.a(vram.o)
 .bss._ZL8sAddrMap
                0x0011d1c8        0xc C:/devkitPro/libctru/lib\libctru.a(vram.o)
 .bss.__3dslink_host
                0x0011d1d4        0x4 C:/devkitPro/libctru/lib\libctru.a(3dslink.o)
                0x0011d1d4                __3dslink_host
 .bss.__ctru_speedup
                0x0011d1d8        0x1 C:/devkitPro/libctru/lib\libctru.a(os.o)
                0x0011d1d8                __ctru_speedup
 *fill*         0x0011d1d9        0x3 
 .bss.srvRefCount
                0x0011d1dc        0x4 C:/devkitPro/libctru/lib\libctru.a(srv.o)
 .bss.srvHandle
                0x0011d1e0        0x4 C:/devkitPro/libctru/lib\libctru.a(srv.o)
 .bss.arbiter   0x0011d1e4        0x4 C:/devkitPro/libctru/lib\libctru.a(synchronization.o)
 .bss.currentAddr
                0x0011d1e8        0x4 C:/devkitPro/libctru/lib\libctru.a(mappable.o)
 .bss.maxAddr   0x0011d1ec        0x4 C:/devkitPro/libctru/lib\libctru.a(mappable.o)
 .bss.minAddr   0x0011d1f0        0x4 C:/devkitPro/libctru/lib\libctru.a(mappable.o)
 .bss.ptmSysmRefCount
                0x0011d1f4        0x4 C:/devkitPro/libctru/lib\libctru.a(ptmsysm.o)
 .bss.ptmSysmHandle
                0x0011d1f8        0x4 C:/devkitPro/libctru/lib\libctru.a(ptmsysm.o)
 .bss.srvPmHandle
                0x0011d1fc        0x4 C:/devkitPro/libctru/lib\libctru.a(srvpm.o)
 .bss.__ctru_linear_heap_size
                0x0011d200        0x4 C:/devkitPro/libctru/lib\libctru.a(allocateHeaps.o)
                0x0011d200                __ctru_linear_heap_size
 .bss.__ctru_heap_size
                0x0011d204        0x4 C:/devkitPro/libctru/lib\libctru.a(allocateHeaps.o)
                0x0011d204                __ctru_heap_size
 .bss.__ctru_linear_heap
                0x0011d208        0x4 C:/devkitPro/libctru/lib\libctru.a(allocateHeaps.o)
                0x0011d208                __ctru_linear_heap
 .bss.__ctru_heap
                0x0011d20c        0x4 C:/devkitPro/libctru/lib\libctru.a(allocateHeaps.o)
                0x0011d20c                __ctru_heap
 .bss.archive_devices
                0x0011d210      0x5c0 C:/devkitPro/libctru/lib\libctru.a(archive_dev.o)
 .bss.archive_device_cwd
                0x0011d7d0        0x4 C:/devkitPro/libctru/lib\libctru.a(archive_dev.o)
 .bss.archive_initialized
                0x0011d7d4        0x1 C:/devkitPro/libctru/lib\libctru.a(archive_dev.o)
 *fill*         0x0011d7d5        0x3 
 .bss.fsExemptArchives
                0x0011d7d8       0x80 C:/devkitPro/libctru/lib\libctru.a(fs.o)
 .bss.fsuRefCount
                0x0011d858        0x4 C:/devkitPro/libctru/lib\libctru.a(fs.o)
 .bss.fsuHandle
                0x0011d85c        0x4 C:/devkitPro/libctru/lib\libctru.a(fs.o)
 .bss.__sfp_recursive_mutex
                0x0011d860        0xc C:/devkitPro/devkitARM/bin/../lib/gcc/arm-none-eabi/15.1.0/../../../../arm-none-eabi/lib/armv6k/fpu\libg.a(libc_a-findfp.o)
 *fill*         0x0011d86c        0x4 
 .bss.__sf      0x0011d870      0x168 C:/devkitPro/devkitARM/bin/../lib/gcc/arm-none-eabi/15.1.0/../../../../arm-none-eabi/lib/armv6k/fpu\libg.a(libc_a-findfp.o)
                0x0011d870                __sf
 .bss.__stdio_exit_handler
                0x0011d9d8        0x4 C:/devkitPro/devkitARM/bin/../lib/gcc/arm-none-eabi/15.1.0/../../../../arm-none-eabi/lib/armv6k/fpu\libg.a(libc_a-findfp.o)
                0x0011d9d8                __stdio_exit_handler
 .bss.__malloc_current_mallinfo
                0x0011d9dc       0x28 C:/devkitPro/devkitARM/bin/../lib/gcc/arm-none-eabi/15.1.0/../../../../arm-none-eabi/lib/armv6k/fpu\libg.a(libc_a-mallocr.o)
                0x0011d9dc                __malloc_current_mallinfo
 .bss.__malloc_max_total_mem
                0x0011da04        0x4 C:/devkitPro/devkitARM/bin/../lib/gcc/arm-none-eabi/15.1.0/../../../../arm-none-eabi/lib/armv6k/fpu\libg.a(libc_a-mallocr.o)
                0x0011da04                __malloc_max_total_mem
 .bss.__malloc_max_sbrked_mem
                0x0011da08        0x4 C:/devkitPro/devkitARM/bin/../lib/gcc/arm-none-eabi/15.1.0/../../../../arm-none-eabi/lib/armv6k/fpu\libg.a(libc_a-mallocr.o)
                0x0011da08                __malloc_max_sbrked_mem
 .bss.__malloc_top_pad
                0x0011da0c        0x4 C:/devkitPro/devkitARM/bin/../lib/gcc/arm-none-eabi/15.1.0/../../../../arm-none-eabi/lib/armv6k/fpu\libg.a(libc_a-mallocr.o)
                0x0011da0c                __malloc_top_pad
 .bss.__malloc_recursive_mutex
                0x0011da10        0xc C:/devkitPro/devkitARM/bin/../lib/gcc/arm-none-eabi/15.1.0/../../../../arm-none-eabi/lib/armv6k/fpu\libg.a(libc_a-mlock.o)
 .bss.temp_cwd  0x0011da1c      0x400 C:/devkitPro/devkitARM/bin/../lib/gcc/arm-none-eabi/15.1.0/../../../../arm-none-eabi/lib/armv6k/fpu\libsysbase.a(libsysbase_libsysbase_a-chdir.o)
 .bss.__hndl_lock
                0x0011de1c        0x4 C:/devkitPro/devkitARM/bin/../lib/gcc/arm-none-eabi/15.1.0/../../../../arm-none-eabi/lib/armv6k/fpu\libsysbase.a(libsysbase_libsysbase_a-handle_manager.o)
 .bss.fake_heap_start
                0x0011de20        0x4 C:/devkitPro/devkitARM/bin/../lib/gcc/arm-none-eabi/15.1.0/../../../../arm-none-eabi/lib/armv6k/fpu\libsysbase.a(libsysbase_libsysbase_a-malloc_vars.o)
                0x0011de20                fake_heap_start
 .bss.fake_heap_end